[0.014s] Invoking command in '/home/kkb007x/closed_chain_gripper/build/gripper_plugins': CMAKE_PREFIX_PATH=${CMAKE_PREFIX_PATH}:/opt/ros/jazzy DEBUGINFOD_URLS=https://debuginfod.ubuntu.com /usr/bin/cmake /home/kkb007x/closed_chain_gripper/src/gripper_plugins -DAMENT_CMAKE_SYMLINK_INSTALL=1 -DCMAKE_INSTALL_PREFIX=/home/kkb007x/closed_chain_gripper/install/gripper_plugins
[0.025s] -- Found ament_cmake: 2.5.6 (/opt/ros/jazzy/share/ament_cmake/cmake)
[0.187s] -- Override CMake install command with custom implementation using symlinks instead of copying resources
[0.192s] -- Looking for gz-sim8 -- found version 8.11.0
[0.196s] -- Searching for dependencies of gz-sim8
[0.196s] -- Looking for sdformat14 -- found version 14.9.0
[0.196s] -- Searching for dependencies of sdformat14
[0.201s] -- Checking for module 'tinyxml2'
[0.218s] --   Found tinyxml2, version 10.0.0
[0.250s] -- Looking for gz-math7 -- found version 7.5.2
[0.251s] -- Searching for dependencies of gz-math7
[0.251s] -- Looking for gz-utils2 -- found version 2.2.1
[0.251s] -- Searching for dependencies of gz-utils2
[0.252s] -- Looking for gz-utils2 -- found version 2.2.1
[0.252s] -- Searching for dependencies of gz-utils2
[0.252s] -- Searching for <gz-utils2> component [cli]
[0.252s] -- Looking for gz-utils2-cli -- found version 2.2.1
[0.252s] -- Searching for dependencies of gz-utils2-cli
[0.253s] -- Looking for gz-plugin2 -- found version 2.0.4
[0.253s] -- Searching for dependencies of gz-plugin2
[0.253s] -- Looking for gz-utils2 -- found version 2.2.1
[0.253s] -- Searching for <gz-plugin2> component [loader]
[0.254s] -- Looking for gz-plugin2-loader -- found version 2.0.4
[0.254s] -- Searching for dependencies of gz-plugin2-loader
[0.254s] -- Searching for <gz-plugin2> component [register]
[0.254s] -- Looking for gz-plugin2-register -- found version 2.0.4
[0.254s] -- Searching for dependencies of gz-plugin2-register
[0.255s] -- Looking for gz-transport13 -- found version 13.5.0
[0.255s] -- Searching for dependencies of gz-transport13
[0.283s] -- Config-file not installed for ZeroMQ -- checking for pkg-config
[0.290s] -- Checking for module 'libzmq >= 4'
[0.309s] --   Found libzmq, version 4.3.5
[0.358s] -- Checking for module 'uuid'
[0.371s] --   Found uuid, version 2.39.3
[0.414s] -- Looking for gz-utils2 -- found version 2.2.1
[0.415s] -- Looking for gz-msgs10 -- found version 10.3.2
[0.415s] -- Searching for dependencies of gz-msgs10
[0.435s] -- Looking for gz-utils2 -- found version 2.2.1
[0.435s] -- Looking for gz-math7 -- found version 7.5.2
[0.441s] -- Searching for <gz-transport13> component [log]
[0.441s] -- Looking for gz-transport13-log -- found version 13.5.0
[0.441s] -- Searching for dependencies of gz-transport13-log
[0.442s] -- Searching for <gz-transport13> component [parameters]
[0.442s] -- Looking for gz-transport13-parameters -- found version 13.5.0
[0.442s] -- Searching for dependencies of gz-transport13-parameters
[0.443s] -- Looking for gz-msgs10 -- found version 10.3.2
[0.443s] -- Looking for gz-common5 -- found version 5.8.0
[0.443s] -- Searching for dependencies of gz-common5
[0.443s] -- Looking for gz-utils2 -- found version 2.2.1
[0.443s] -- Looking for dlfcn.h - found
[0.443s] -- Looking for libdl - found
[0.450s] -- Searching for <gz-common5> component [av]
[0.450s] -- Looking for gz-common5-av -- found version 5.8.0
[0.451s] -- Searching for dependencies of gz-common5-av
[0.456s] -- Checking for module 'libswscale'
[0.471s] --   Found libswscale, version 7.5.100
[0.517s] -- Checking for module 'libavdevice >= 56.4.100'
[0.534s] --   Found libavdevice, version 60.3.100
[0.587s] -- Checking for module 'libavformat'
[0.607s] --   Found libavformat, version 60.16.100
[0.652s] -- Checking for module 'libavcodec'
[0.668s] --   Found libavcodec, version 60.31.102
[0.713s] -- Checking for module 'libavutil'
[0.728s] --   Found libavutil, version 58.29.100
[0.767s] -- Searching for <gz-common5> component [events]
[0.767s] -- Looking for gz-common5-events -- found version 5.8.0
[0.768s] -- Searching for dependencies of gz-common5-events
[0.768s] -- Looking for gz-math7 -- found version 7.5.2
[0.768s] -- Searching for <gz-common5> component [graphics]
[0.768s] -- Looking for gz-common5-graphics -- found version 5.8.0
[0.768s] -- Searching for dependencies of gz-common5-graphics
[0.769s] -- Looking for gz-math7 -- found version 7.5.2
[0.771s] -- Searching for <gz-common5> component [io]
[0.771s] -- Looking for gz-common5-io -- found version 5.8.0
[0.771s] -- Searching for dependencies of gz-common5-io
[0.772s] -- Searching for <gz-common5> component [profiler]
[0.772s] -- Looking for gz-common5-profiler -- found version 5.8.0
[0.772s] -- Searching for dependencies of gz-common5-profiler
[0.772s] -- Looking for gz-fuel_tools9 -- found version 9.1.1
[0.772s] -- Searching for dependencies of gz-fuel_tools9
[0.818s] -- Checking for module 'jsoncpp'
[0.834s] --   Found jsoncpp, version 1.9.5
[0.884s] -- Checking for module 'yaml-0.1'
[0.903s] --   Found yaml-0.1, version 0.2.5
[0.947s] -- Checking for module 'libzip'
[0.964s] --   Found libzip, version 1.7.3
[1.001s] -- Looking for gz-utils2 -- found version 2.2.1
[1.002s] -- Looking for gz-common5 -- found version 5.8.0
[1.003s] -- Searching for dependencies of gz-common5
[1.003s] -- Looking for gz-utils2 -- found version 2.2.1
[1.004s] -- Looking for dlfcn.h - found
[1.004s] -- Looking for libdl - found
[1.011s] -- Searching for <gz-common5> component [testing]
[1.011s] -- Looking for gz-common5-testing -- found version 5.8.0
[1.012s] -- Searching for dependencies of gz-common5-testing
[1.012s] -- Looking for gz-math7 -- found version 7.5.2
[1.012s] -- Looking for gz-msgs10 -- found version 10.3.2
[1.013s] -- Looking for gz-gui8 -- found version 8.4.0
[1.013s] -- Searching for dependencies of gz-gui8
[1.036s] -- Looking for gz-utils2 -- found version 2.2.1
[1.036s] -- Looking for gz-math7 -- found version 7.5.2
[1.037s] -- Looking for gz-common5 -- found version 5.8.0
[1.037s] -- Looking for gz-plugin2 -- found version 2.0.4
[1.037s] -- Looking for gz-transport13 -- found version 13.5.0
[1.037s] -- Looking for gz-rendering8 -- found version 8.2.3
[1.038s] -- Searching for dependencies of gz-rendering8
[1.038s] -- Looking for gz-math7 -- found version 7.5.2
[1.038s] -- Searching for dependencies of gz-math7
[1.038s] -- Looking for gz-utils2 -- found version 2.2.1
[1.038s] -- Searching for <gz-math7> component [eigen3]
[1.038s] -- Looking for gz-math7-eigen3 -- found version 7.5.2
[1.038s] -- Searching for dependencies of gz-math7-eigen3
[1.039s] -- Looking for gz-common5 -- found version 5.8.0
[1.039s] -- Searching for dependencies of gz-common5
[1.040s] -- Looking for gz-utils2 -- found version 2.2.1
[1.040s] -- Looking for dlfcn.h - found
[1.040s] -- Looking for libdl - found
[1.047s] -- Searching for <gz-common5> component [graphics]
[1.047s] -- Searching for <gz-common5> component [events]
[1.047s] -- Searching for <gz-common5> component [geospatial]
[1.047s] -- Looking for gz-common5-geospatial -- found version 5.8.0
[1.047s] -- Searching for dependencies of gz-common5-geospatial
[1.047s] -- Looking for gz-math7 -- found version 7.5.2
[1.047s] -- Looking for gz-common5 -- found version 5.8.0
[1.048s] -- Looking for gz-plugin2 -- found version 2.0.4
[1.048s] -- Searching for dependencies of gz-plugin2
[1.048s] -- Looking for gz-utils2 -- found version 2.2.1
[1.048s] -- Searching for <gz-plugin2> component [all]
[1.048s] -- Looking for all libraries of gz-plugin2 -- found version 2.0.4
[1.049s] -- Looking for gz-plugin2 -- found version 2.0.4
[1.049s] -- Looking for gz-utils2 -- found version 2.2.1
[1.051s] -- Looking for gz-msgs10 -- found version 10.3.2
[1.064s] -- Looking for gz-physics7 -- found version 7.6.0
[1.064s] -- Searching for dependencies of gz-physics7
[1.064s] -- Looking for gz-common5 -- found version 5.8.0
[1.064s] -- Looking for gz-math7 -- found version 7.5.2
[1.065s] -- Looking for gz-plugin2 -- found version 2.0.4
[1.065s] -- Looking for gz-utils2 -- found version 2.2.1
[1.065s] -- Searching for <gz-physics7> component [heightmap]
[1.066s] -- Looking for gz-physics7-heightmap -- found version 7.6.0
[1.066s] -- Searching for dependencies of gz-physics7-heightmap
[1.066s] -- Looking for gz-common5 -- found version 5.8.0
[1.066s] -- Searching for <gz-physics7> component [mesh]
[1.067s] -- Looking for gz-physics7-mesh -- found version 7.6.0
[1.067s] -- Searching for dependencies of gz-physics7-mesh
[1.067s] -- Looking for gz-common5 -- found version 5.8.0
[1.067s] -- Searching for <gz-physics7> component [sdf]
[1.067s] -- Looking for gz-physics7-sdf -- found version 7.6.0
[1.067s] -- Searching for dependencies of gz-physics7-sdf
[1.068s] -- Looking for sdformat14 -- found version 14.9.0
[1.068s] -- Looking for gz-sensors8 -- found version 8.2.2
[1.068s] -- Searching for dependencies of gz-sensors8
[1.086s] -- Looking for gz-math7 -- found version 7.5.2
[1.086s] -- Looking for gz-common5 -- found version 5.8.0
[1.086s] -- Looking for gz-transport13 -- found version 13.5.0
[1.087s] -- Looking for gz-rendering8 -- found version 8.2.3
[1.087s] -- Looking for gz-msgs10 -- found version 10.3.2
[1.087s] -- Looking for sdformat14 -- found version 14.9.0
[1.087s] -- Searching for <gz-sensors8> component [air_pressure]
[1.088s] -- Looking for gz-sensors8-air_pressure -- found version 8.2.2
[1.088s] -- Searching for dependencies of gz-sensors8-air_pressure
[1.088s] -- Searching for <gz-sensors8> component [air_speed]
[1.088s] -- Looking for gz-sensors8-air_speed -- found version 8.2.2
[1.088s] -- Searching for dependencies of gz-sensors8-air_speed
[1.089s] -- Searching for <gz-sensors8> component [altimeter]
[1.089s] -- Looking for gz-sensors8-altimeter -- found version 8.2.2
[1.089s] -- Searching for dependencies of gz-sensors8-altimeter
[1.089s] -- Searching for <gz-sensors8> component [imu]
[1.089s] -- Looking for gz-sensors8-imu -- found version 8.2.2
[1.090s] -- Searching for dependencies of gz-sensors8-imu
[1.090s] -- Searching for <gz-sensors8> component [force_torque]
[1.090s] -- Looking for gz-sensors8-force_torque -- found version 8.2.2
[1.090s] -- Searching for dependencies of gz-sensors8-force_torque
[1.090s] -- Searching for <gz-sensors8> component [logical_camera]
[1.091s] -- Looking for gz-sensors8-logical_camera -- found version 8.2.2
[1.091s] -- Searching for dependencies of gz-sensors8-logical_camera
[1.091s] -- Searching for <gz-sensors8> component [magnetometer]
[1.091s] -- Looking for gz-sensors8-magnetometer -- found version 8.2.2
[1.091s] -- Searching for dependencies of gz-sensors8-magnetometer
[1.092s] -- Searching for <gz-sensors8> component [navsat]
[1.092s] -- Looking for gz-sensors8-navsat -- found version 8.2.2
[1.092s] -- Searching for dependencies of gz-sensors8-navsat
[1.092s] -- Searching for <gz-sensors8> component [dvl]
[1.092s] -- Looking for gz-sensors8-dvl -- found version 8.2.2
[1.092s] -- Searching for dependencies of gz-sensors8-dvl
[1.093s] -- Looking for gz-sensors8 -- found version 8.2.2
[1.093s] -- Searching for dependencies of gz-sensors8
[1.117s] -- Looking for gz-math7 -- found version 7.5.2
[1.118s] -- Looking for gz-common5 -- found version 5.8.0
[1.118s] -- Looking for gz-transport13 -- found version 13.5.0
[1.118s] -- Looking for gz-rendering8 -- found version 8.2.3
[1.118s] -- Looking for gz-msgs10 -- found version 10.3.2
[1.118s] -- Looking for sdformat14 -- found version 14.9.0
[1.118s] -- Searching for <gz-sensors8> component [rendering]
[1.119s] -- Looking for gz-sensors8-rendering -- found version 8.2.2
[1.119s] -- Searching for dependencies of gz-sensors8-rendering
[1.120s] -- Searching for <gz-sensors8> component [rendering]
[1.120s] -- Searching for <gz-sensors8> component [lidar]
[1.120s] -- Looking for gz-sensors8-lidar -- found version 8.2.2
[1.120s] -- Searching for dependencies of gz-sensors8-lidar
[1.120s] -- Looking for gz-sensors8 -- found version 8.2.2
[1.121s] -- Searching for <gz-sensors8> component [gpu_lidar]
[1.121s] -- Looking for gz-sensors8-gpu_lidar -- found version 8.2.2
[1.121s] -- Searching for dependencies of gz-sensors8-gpu_lidar
[1.121s] -- Looking for gz-sensors8 -- found version 8.2.2
[1.121s] -- Searching for <gz-sensors8> component [camera]
[1.122s] -- Looking for gz-sensors8-camera -- found version 8.2.2
[1.122s] -- Searching for dependencies of gz-sensors8-camera
[1.122s] -- Looking for gz-sensors8 -- found version 8.2.2
[1.122s] -- Searching for <gz-sensors8> component [boundingbox_camera]
[1.123s] -- Looking for gz-sensors8-boundingbox_camera -- found version 8.2.2
[1.123s] -- Searching for dependencies of gz-sensors8-boundingbox_camera
[1.123s] -- Searching for <gz-sensors8> component [segmentation_camera]
[1.123s] -- Looking for gz-sensors8-segmentation_camera -- found version 8.2.2
[1.123s] -- Searching for dependencies of gz-sensors8-segmentation_camera
[1.124s] -- Searching for <gz-sensors8> component [depth_camera]
[1.124s] -- Looking for gz-sensors8-depth_camera -- found version 8.2.2
[1.124s] -- Searching for dependencies of gz-sensors8-depth_camera
[1.124s] -- Looking for gz-sensors8 -- found version 8.2.2
[1.125s] -- Searching for <gz-sensors8> component [rgbd_camera]
[1.125s] -- Looking for gz-sensors8-rgbd_camera -- found version 8.2.2
[1.125s] -- Searching for dependencies of gz-sensors8-rgbd_camera
[1.125s] -- Looking for gz-sensors8 -- found version 8.2.2
[1.125s] -- Searching for <gz-sensors8> component [thermal_camera]
[1.126s] -- Looking for gz-sensors8-thermal_camera -- found version 8.2.2
[1.126s] -- Searching for dependencies of gz-sensors8-thermal_camera
[1.126s] -- Looking for gz-sensors8 -- found version 8.2.2
[1.126s] -- Searching for <gz-sensors8> component [wide_angle_camera]
[1.127s] -- Looking for gz-sensors8-wide_angle_camera -- found version 8.2.2
[1.127s] -- Searching for dependencies of gz-sensors8-wide_angle_camera
[1.127s] -- Looking for gz-rendering8 -- found version 8.2.3
[1.128s] -- Looking for gz-math7 -- found version 7.5.2
[1.128s] -- Looking for gz-utils2 -- found version 2.2.1
[1.213s] -- Configuring done (1.2s)
[1.224s] -- Generating done (0.0s)
[1.226s] -- Build files have been written to: /home/kkb007x/closed_chain_gripper/build/gripper_plugins
[1.238s] Invoked command in '/home/kkb007x/closed_chain_gripper/build/gripper_plugins' returned '0': CMAKE_PREFIX_PATH=${CMAKE_PREFIX_PATH}:/opt/ros/jazzy DEBUGINFOD_URLS=https://debuginfod.ubuntu.com /usr/bin/cmake /home/kkb007x/closed_chain_gripper/src/gripper_plugins -DAMENT_CMAKE_SYMLINK_INSTALL=1 -DCMAKE_INSTALL_PREFIX=/home/kkb007x/closed_chain_gripper/install/gripper_plugins
[1.239s] Invoking command in '/home/kkb007x/closed_chain_gripper/build/gripper_plugins': CMAKE_PREFIX_PATH=${CMAKE_PREFIX_PATH}:/opt/ros/jazzy DEBUGINFOD_URLS=https://debuginfod.ubuntu.com /usr/bin/cmake --build /home/kkb007x/closed_chain_gripper/build/gripper_plugins -- -j16 -l16
[1.313s] [100%] Built target gripper_plugin
[1.327s] Invoked command in '/home/kkb007x/closed_chain_gripper/build/gripper_plugins' returned '0': CMAKE_PREFIX_PATH=${CMAKE_PREFIX_PATH}:/opt/ros/jazzy DEBUGINFOD_URLS=https://debuginfod.ubuntu.com /usr/bin/cmake --build /home/kkb007x/closed_chain_gripper/build/gripper_plugins -- -j16 -l16
[1.329s] Invoking command in '/home/kkb007x/closed_chain_gripper/build/gripper_plugins': CMAKE_PREFIX_PATH=${CMAKE_PREFIX_PATH}:/opt/ros/jazzy DEBUGINFOD_URLS=https://debuginfod.ubuntu.com /usr/bin/cmake --install /home/kkb007x/closed_chain_gripper/build/gripper_plugins
[1.339s] -- Install configuration: ""
[1.339s] -- Execute custom install script
[1.339s] -- Up-to-date symlink: /home/kkb007x/closed_chain_gripper/install/gripper_plugins/lib/libgripper_plugin.so
[1.339s] -- Up-to-date symlink: /home/kkb007x/closed_chain_gripper/install/gripper_plugins/share/ament_index/resource_index/package_run_dependencies/gripper_plugins
[1.340s] -- Up-to-date symlink: /home/kkb007x/closed_chain_gripper/install/gripper_plugins/share/ament_index/resource_index/parent_prefix_path/gripper_plugins
[1.340s] -- Up-to-date symlink: /home/kkb007x/closed_chain_gripper/install/gripper_plugins/share/gripper_plugins/environment/ament_prefix_path.sh
[1.340s] -- Up-to-date symlink: /home/kkb007x/closed_chain_gripper/install/gripper_plugins/share/gripper_plugins/environment/ament_prefix_path.dsv
[1.340s] -- Up-to-date symlink: /home/kkb007x/closed_chain_gripper/install/gripper_plugins/share/gripper_plugins/environment/path.sh
[1.340s] -- Up-to-date symlink: /home/kkb007x/closed_chain_gripper/install/gripper_plugins/share/gripper_plugins/environment/path.dsv
[1.340s] -- Up-to-date symlink: /home/kkb007x/closed_chain_gripper/install/gripper_plugins/share/gripper_plugins/local_setup.bash
[1.340s] -- Up-to-date symlink: /home/kkb007x/closed_chain_gripper/install/gripper_plugins/share/gripper_plugins/local_setup.sh
[1.340s] -- Up-to-date symlink: /home/kkb007x/closed_chain_gripper/install/gripper_plugins/share/gripper_plugins/local_setup.zsh
[1.340s] -- Up-to-date symlink: /home/kkb007x/closed_chain_gripper/install/gripper_plugins/share/gripper_plugins/local_setup.dsv
[1.340s] -- Symlinking: /home/kkb007x/closed_chain_gripper/install/gripper_plugins/share/gripper_plugins/package.dsv
[1.351s] -- Up-to-date symlink: /home/kkb007x/closed_chain_gripper/install/gripper_plugins/share/ament_index/resource_index/packages/gripper_plugins
[1.351s] -- Up-to-date symlink: /home/kkb007x/closed_chain_gripper/install/gripper_plugins/share/gripper_plugins/cmake/gripper_pluginsConfig.cmake
[1.352s] -- Up-to-date symlink: /home/kkb007x/closed_chain_gripper/install/gripper_plugins/share/gripper_plugins/cmake/gripper_pluginsConfig-version.cmake
[1.352s] -- Up-to-date symlink: /home/kkb007x/closed_chain_gripper/install/gripper_plugins/share/gripper_plugins/package.xml
[1.354s] Invoked command in '/home/kkb007x/closed_chain_gripper/build/gripper_plugins' returned '0': CMAKE_PREFIX_PATH=${CMAKE_PREFIX_PATH}:/opt/ros/jazzy DEBUGINFOD_URLS=https://debuginfod.ubuntu.com /usr/bin/cmake --install /home/kkb007x/closed_chain_gripper/build/gripper_plugins
