-- Found ament_cmake: 2.5.6 (/opt/ros/jazzy/share/ament_cmake/cmake)
-- Override CMake install command with custom implementation using symlinks instead of copying resources
-- Found ament_lint_auto: 0.17.5 (/opt/ros/jazzy/share/ament_lint_auto/cmake)
-- Added test 'cppcheck' to perform static code analysis on C / C++ code
-- Configured cppcheck include dirs: 
-- Configured cppcheck exclude dirs and/or files: 
-- Added test 'flake8' to check Python code syntax and style conventions
-- Configured 'flake8' exclude dirs and/or files: 
-- Added test 'lint_cmake' to check CMake code style
-- Added test 'pep257' to check Python code against some of the docstring style conventions in PEP 257
-- Added test 'uncrustify' to check C / C++ code style
-- Configured uncrustify additional arguments: 
-- Added test 'xmllint' to check XML markup files
-- Configuring done (0.2s)
-- Generating done (0.0s)
-- Build files have been written to: /home/kkb007x/closed_chain_gripper/build/gripper_plugins
-- Install configuration: ""
-- Execute custom install script
-- Up-to-date symlink: /home/kkb007x/closed_chain_gripper/install/gripper_plugins/share/ament_index/resource_index/package_run_dependencies/gripper_plugins
-- Up-to-date symlink: /home/kkb007x/closed_chain_gripper/install/gripper_plugins/share/ament_index/resource_index/parent_prefix_path/gripper_plugins
-- Up-to-date symlink: /home/kkb007x/closed_chain_gripper/install/gripper_plugins/share/gripper_plugins/environment/ament_prefix_path.sh
-- Up-to-date symlink: /home/kkb007x/closed_chain_gripper/install/gripper_plugins/share/gripper_plugins/environment/ament_prefix_path.dsv
-- Up-to-date symlink: /home/kkb007x/closed_chain_gripper/install/gripper_plugins/share/gripper_plugins/environment/path.sh
-- Up-to-date symlink: /home/kkb007x/closed_chain_gripper/install/gripper_plugins/share/gripper_plugins/environment/path.dsv
-- Up-to-date symlink: /home/kkb007x/closed_chain_gripper/install/gripper_plugins/share/gripper_plugins/local_setup.bash
-- Up-to-date symlink: /home/kkb007x/closed_chain_gripper/install/gripper_plugins/share/gripper_plugins/local_setup.sh
-- Up-to-date symlink: /home/kkb007x/closed_chain_gripper/install/gripper_plugins/share/gripper_plugins/local_setup.zsh
-- Up-to-date symlink: /home/kkb007x/closed_chain_gripper/install/gripper_plugins/share/gripper_plugins/local_setup.dsv
-- Symlinking: /home/kkb007x/closed_chain_gripper/install/gripper_plugins/share/gripper_plugins/package.dsv
-- Up-to-date symlink: /home/kkb007x/closed_chain_gripper/install/gripper_plugins/share/ament_index/resource_index/packages/gripper_plugins
-- Up-to-date symlink: /home/kkb007x/closed_chain_gripper/install/gripper_plugins/share/gripper_plugins/cmake/gripper_pluginsConfig.cmake
-- Up-to-date symlink: /home/kkb007x/closed_chain_gripper/install/gripper_plugins/share/gripper_plugins/cmake/gripper_pluginsConfig-version.cmake
-- Up-to-date symlink: /home/kkb007x/closed_chain_gripper/install/gripper_plugins/share/gripper_plugins/package.xml
