[0.014s] Invoking command in '/home/kkb007x/closed_chain_gripper/build/gripper_description': CMAKE_PREFIX_PATH=${CMAKE_PREFIX_PATH}:/opt/ros/jazzy DEBUGINFOD_URLS=https://debuginfod.ubuntu.com /usr/bin/cmake /home/kkb007x/closed_chain_gripper/src/gripper_description -DAMENT_CMAKE_SYMLINK_INSTALL=1 -DCMAKE_INSTALL_PREFIX=/home/kkb007x/closed_chain_gripper/install/gripper_description
[0.030s] -- Found ament_cmake: 2.5.6 (/opt/ros/jazzy/share/ament_cmake/cmake)
[0.192s] -- Override CMake install command with custom implementation using symlinks instead of copying resources
[0.197s] -- Found ament_lint_auto: 0.17.5 (/opt/ros/jazzy/share/ament_lint_auto/cmake)
[0.280s] -- Added test 'flake8' to check Python code syntax and style conventions
[0.280s] -- Configured 'flake8' exclude dirs and/or files: 
[0.281s] -- Added test 'lint_cmake' to check CMake code style
[0.281s] -- Added test 'pep257' to check Python code against some of the docstring style conventions in PEP 257
[0.284s] -- Added test 'xmllint' to check XML markup files
[0.285s] -- Configuring done (0.3s)
[0.288s] -- Generating done (0.0s)
[0.289s] -- Build files have been written to: /home/kkb007x/closed_chain_gripper/build/gripper_description
[0.297s] Invoked command in '/home/kkb007x/closed_chain_gripper/build/gripper_description' returned '0': CMAKE_PREFIX_PATH=${CMAKE_PREFIX_PATH}:/opt/ros/jazzy DEBUGINFOD_URLS=https://debuginfod.ubuntu.com /usr/bin/cmake /home/kkb007x/closed_chain_gripper/src/gripper_description -DAMENT_CMAKE_SYMLINK_INSTALL=1 -DCMAKE_INSTALL_PREFIX=/home/kkb007x/closed_chain_gripper/install/gripper_description
[0.297s] Invoking command in '/home/kkb007x/closed_chain_gripper/build/gripper_description': CMAKE_PREFIX_PATH=${CMAKE_PREFIX_PATH}:/opt/ros/jazzy DEBUGINFOD_URLS=https://debuginfod.ubuntu.com /usr/bin/cmake --build /home/kkb007x/closed_chain_gripper/build/gripper_description -- -j16 -l16
[0.348s] Invoked command in '/home/kkb007x/closed_chain_gripper/build/gripper_description' returned '0': CMAKE_PREFIX_PATH=${CMAKE_PREFIX_PATH}:/opt/ros/jazzy DEBUGINFOD_URLS=https://debuginfod.ubuntu.com /usr/bin/cmake --build /home/kkb007x/closed_chain_gripper/build/gripper_description -- -j16 -l16
[0.358s] Invoking command in '/home/kkb007x/closed_chain_gripper/build/gripper_description': CMAKE_PREFIX_PATH=${CMAKE_PREFIX_PATH}:/opt/ros/jazzy DEBUGINFOD_URLS=https://debuginfod.ubuntu.com /usr/bin/cmake --install /home/kkb007x/closed_chain_gripper/build/gripper_description
[0.368s] -- Install configuration: ""
[0.368s] -- Execute custom install script
[0.369s] -- Up-to-date symlink: /home/kkb007x/closed_chain_gripper/install/gripper_description/share/gripper_description/launch/display.launch
[0.369s] -- Up-to-date symlink: /home/kkb007x/closed_chain_gripper/install/gripper_description/share/gripper_description/launch/display.launch.py
[0.369s] -- Up-to-date symlink: /home/kkb007x/closed_chain_gripper/install/gripper_description/share/gripper_description/launch/gazebo.launch
[0.369s] [33mCMake Warning (dev) at ament_cmake_symlink_install/ament_cmake_symlink_install.cmake:67 (file):
[0.369s]   Policy CMP0009 is not set: FILE GLOB_RECURSE calls should not follow
[0.369s]   symlinks by default.  Run "cmake --help-policy CMP0009" for policy details.
[0.369s]   Use the cmake_policy command to set the policy and suppress this warning.
[0.369s] Call Stack (most recent call first):
[0.369s]   ament_cmake_symlink_install/ament_cmake_symlink_install.cmake:319 (ament_cmake_symlink_install_directory)
[0.369s]   cmake_install.cmake:46 (include)
[0.370s] This warning is for project developers.  Use -Wno-dev to suppress it.
[0.370s] [0m
[0.370s] -- Up-to-date symlink: /home/kkb007x/closed_chain_gripper/install/gripper_description/share/gripper_description/urdf/build/.built_by
[0.370s] -- Up-to-date symlink: /home/kkb007x/closed_chain_gripper/install/gripper_description/share/gripper_description/urdf/build/COLCON_IGNORE
[0.370s] -- Up-to-date symlink: /home/kkb007x/closed_chain_gripper/install/gripper_description/share/gripper_description/urdf/gripper_description.csv
[0.370s] -- Up-to-date symlink: /home/kkb007x/closed_chain_gripper/install/gripper_description/share/gripper_description/urdf/gripper_description.urdf.xacro
[0.370s] -- Up-to-date symlink: /home/kkb007x/closed_chain_gripper/install/gripper_description/share/gripper_description/urdf/install/.colcon_install_layout
[0.370s] -- Up-to-date symlink: /home/kkb007x/closed_chain_gripper/install/gripper_description/share/gripper_description/urdf/install/COLCON_IGNORE
[0.370s] -- Up-to-date symlink: /home/kkb007x/closed_chain_gripper/install/gripper_description/share/gripper_description/urdf/install/_local_setup_util_ps1.py
[0.370s] -- Up-to-date symlink: /home/kkb007x/closed_chain_gripper/install/gripper_description/share/gripper_description/urdf/install/_local_setup_util_sh.py
[0.370s] -- Up-to-date symlink: /home/kkb007x/closed_chain_gripper/install/gripper_description/share/gripper_description/urdf/install/local_setup.bash
[0.370s] -- Up-to-date symlink: /home/kkb007x/closed_chain_gripper/install/gripper_description/share/gripper_description/urdf/install/local_setup.ps1
[0.370s] -- Up-to-date symlink: /home/kkb007x/closed_chain_gripper/install/gripper_description/share/gripper_description/urdf/install/local_setup.sh
[0.370s] -- Up-to-date symlink: /home/kkb007x/closed_chain_gripper/install/gripper_description/share/gripper_description/urdf/install/local_setup.zsh
[0.370s] -- Up-to-date symlink: /home/kkb007x/closed_chain_gripper/install/gripper_description/share/gripper_description/urdf/install/setup.bash
[0.370s] -- Up-to-date symlink: /home/kkb007x/closed_chain_gripper/install/gripper_description/share/gripper_description/urdf/install/setup.ps1
[0.370s] -- Up-to-date symlink: /home/kkb007x/closed_chain_gripper/install/gripper_description/share/gripper_description/urdf/install/setup.sh
[0.370s] -- Up-to-date symlink: /home/kkb007x/closed_chain_gripper/install/gripper_description/share/gripper_description/urdf/install/setup.zsh
[0.370s] -- Up-to-date symlink: /home/kkb007x/closed_chain_gripper/install/gripper_description/share/gripper_description/urdf/log/COLCON_IGNORE
[0.370s] -- Up-to-date symlink: /home/kkb007x/closed_chain_gripper/install/gripper_description/share/gripper_description/urdf/log/build_2026-06-04_16-32-25/events.log
[0.370s] -- Up-to-date symlink: /home/kkb007x/closed_chain_gripper/install/gripper_description/share/gripper_description/urdf/log/build_2026-06-04_16-32-25/logger_all.log
[0.370s] -- Up-to-date symlink: /home/kkb007x/closed_chain_gripper/install/gripper_description/share/gripper_description/urdf/log/latest/events.log
[0.370s] -- Up-to-date symlink: /home/kkb007x/closed_chain_gripper/install/gripper_description/share/gripper_description/urdf/log/latest/logger_all.log
[0.370s] -- Up-to-date symlink: /home/kkb007x/closed_chain_gripper/install/gripper_description/share/gripper_description/urdf/log/latest_build/events.log
[0.371s] -- Up-to-date symlink: /home/kkb007x/closed_chain_gripper/install/gripper_description/share/gripper_description/urdf/log/latest_build/logger_all.log
[0.371s] -- Up-to-date symlink: /home/kkb007x/closed_chain_gripper/install/gripper_description/share/gripper_description/meshes/L0.STL
[0.371s] -- Up-to-date symlink: /home/kkb007x/closed_chain_gripper/install/gripper_description/share/gripper_description/meshes/L11.STL
[0.371s] -- Up-to-date symlink: /home/kkb007x/closed_chain_gripper/install/gripper_description/share/gripper_description/meshes/L12.STL
[0.371s] -- Up-to-date symlink: /home/kkb007x/closed_chain_gripper/install/gripper_description/share/gripper_description/meshes/L13.STL
[0.371s] -- Up-to-date symlink: /home/kkb007x/closed_chain_gripper/install/gripper_description/share/gripper_description/meshes/L14.STL
[0.371s] -- Up-to-date symlink: /home/kkb007x/closed_chain_gripper/install/gripper_description/share/gripper_description/meshes/L21.STL
[0.371s] -- Up-to-date symlink: /home/kkb007x/closed_chain_gripper/install/gripper_description/share/gripper_description/meshes/L22.STL
[0.371s] -- Up-to-date symlink: /home/kkb007x/closed_chain_gripper/install/gripper_description/share/gripper_description/meshes/L23.STL
[0.371s] -- Up-to-date symlink: /home/kkb007x/closed_chain_gripper/install/gripper_description/share/gripper_description/meshes/L31.STL
[0.371s] -- Up-to-date symlink: /home/kkb007x/closed_chain_gripper/install/gripper_description/share/gripper_description/meshes/L311.STL
[0.371s] -- Up-to-date symlink: /home/kkb007x/closed_chain_gripper/install/gripper_description/share/gripper_description/meshes/L312.STL
[0.371s] -- Up-to-date symlink: /home/kkb007x/closed_chain_gripper/install/gripper_description/share/gripper_description/meshes/R0.STL
[0.371s] -- Up-to-date symlink: /home/kkb007x/closed_chain_gripper/install/gripper_description/share/gripper_description/meshes/R11.STL
[0.372s] -- Up-to-date symlink: /home/kkb007x/closed_chain_gripper/install/gripper_description/share/gripper_description/meshes/R12.STL
[0.372s] -- Up-to-date symlink: /home/kkb007x/closed_chain_gripper/install/gripper_description/share/gripper_description/meshes/R13.STL
[0.372s] -- Up-to-date symlink: /home/kkb007x/closed_chain_gripper/install/gripper_description/share/gripper_description/meshes/R14.STL
[0.372s] -- Up-to-date symlink: /home/kkb007x/closed_chain_gripper/install/gripper_description/share/gripper_description/meshes/R21.STL
[0.372s] -- Up-to-date symlink: /home/kkb007x/closed_chain_gripper/install/gripper_description/share/gripper_description/meshes/R22.STL
[0.372s] -- Up-to-date symlink: /home/kkb007x/closed_chain_gripper/install/gripper_description/share/gripper_description/meshes/R23.STL
[0.372s] -- Up-to-date symlink: /home/kkb007x/closed_chain_gripper/install/gripper_description/share/gripper_description/meshes/R31.STL
[0.372s] -- Up-to-date symlink: /home/kkb007x/closed_chain_gripper/install/gripper_description/share/gripper_description/meshes/R311.STL
[0.372s] -- Up-to-date symlink: /home/kkb007x/closed_chain_gripper/install/gripper_description/share/gripper_description/meshes/R312.STL
[0.372s] -- Up-to-date symlink: /home/kkb007x/closed_chain_gripper/install/gripper_description/share/gripper_description/meshes/base_link.STL
[0.372s] -- Up-to-date symlink: /home/kkb007x/closed_chain_gripper/install/gripper_description/share/gripper_description/config/controllers.yaml
[0.372s] -- Up-to-date symlink: /home/kkb007x/closed_chain_gripper/install/gripper_description/share/gripper_description/config/joint_names_gripper_description.yaml
[0.372s] -- Up-to-date symlink: /home/kkb007x/closed_chain_gripper/install/gripper_description/share/ament_index/resource_index/package_run_dependencies/gripper_description
[0.373s] -- Up-to-date symlink: /home/kkb007x/closed_chain_gripper/install/gripper_description/share/ament_index/resource_index/parent_prefix_path/gripper_description
[0.373s] -- Up-to-date symlink: /home/kkb007x/closed_chain_gripper/install/gripper_description/share/gripper_description/environment/ament_prefix_path.sh
[0.373s] -- Up-to-date symlink: /home/kkb007x/closed_chain_gripper/install/gripper_description/share/gripper_description/environment/ament_prefix_path.dsv
[0.373s] -- Up-to-date symlink: /home/kkb007x/closed_chain_gripper/install/gripper_description/share/gripper_description/environment/path.sh
[0.373s] -- Up-to-date symlink: /home/kkb007x/closed_chain_gripper/install/gripper_description/share/gripper_description/environment/path.dsv
[0.373s] -- Up-to-date symlink: /home/kkb007x/closed_chain_gripper/install/gripper_description/share/gripper_description/local_setup.bash
[0.373s] -- Up-to-date symlink: /home/kkb007x/closed_chain_gripper/install/gripper_description/share/gripper_description/local_setup.sh
[0.373s] -- Up-to-date symlink: /home/kkb007x/closed_chain_gripper/install/gripper_description/share/gripper_description/local_setup.zsh
[0.373s] -- Up-to-date symlink: /home/kkb007x/closed_chain_gripper/install/gripper_description/share/gripper_description/local_setup.dsv
[0.373s] -- Symlinking: /home/kkb007x/closed_chain_gripper/install/gripper_description/share/gripper_description/package.dsv
[0.385s] -- Up-to-date symlink: /home/kkb007x/closed_chain_gripper/install/gripper_description/share/ament_index/resource_index/packages/gripper_description
[0.385s] -- Up-to-date symlink: /home/kkb007x/closed_chain_gripper/install/gripper_description/share/gripper_description/cmake/gripper_descriptionConfig.cmake
[0.385s] -- Up-to-date symlink: /home/kkb007x/closed_chain_gripper/install/gripper_description/share/gripper_description/cmake/gripper_descriptionConfig-version.cmake
[0.385s] -- Up-to-date symlink: /home/kkb007x/closed_chain_gripper/install/gripper_description/share/gripper_description/package.xml
[0.387s] Invoked command in '/home/kkb007x/closed_chain_gripper/build/gripper_description' returned '0': CMAKE_PREFIX_PATH=${CMAKE_PREFIX_PATH}:/opt/ros/jazzy DEBUGINFOD_URLS=https://debuginfod.ubuntu.com /usr/bin/cmake --install /home/kkb007x/closed_chain_gripper/build/gripper_description
