[0.115s] DEBUG:colcon:Command line arguments: ['/usr/bin/colcon', 'build', '--symlink-install']
[0.115s] DEBUG:colcon:Parsed command line arguments: Namespace(log_base=None, log_level=None, verb_name='build', build_base='build', install_base='install', merge_install=False, symlink_install=True, test_result_base=None, continue_on_error=False, executor='parallel', parallel_workers=16, event_handlers=None, ignore_user_meta=False, metas=['./colcon.meta'], base_paths=['.'], packages_ignore=None, packages_ignore_regex=None, paths=None, packages_up_to=None, packages_up_to_regex=None, packages_above=None, packages_above_and_dependencies=None, packages_above_depth=None, packages_select_by_dep=None, packages_skip_by_dep=None, packages_skip_up_to=None, packages_select_build_failed=False, packages_skip_build_finished=False, packages_select_test_failures=False, packages_skip_test_passed=False, packages_select=None, packages_skip=None, packages_select_regex=None, packages_skip_regex=None, packages_start=None, packages_end=None, allow_overriding=[], cmake_args=None, cmake_target=None, cmake_target_skip_unavailable=False, cmake_clean_cache=False, cmake_clean_first=False, cmake_force_configure=False, ament_cmake_args=None, catkin_cmake_args=None, catkin_skip_building_tests=False, verb_parser=<colcon_defaults.argument_parser.defaults.DefaultArgumentsDecorator object at 0x7c3c32d85b80>, verb_extension=<colcon_core.verb.build.BuildVerb object at 0x7c3c32ea9eb0>, main=<bound method BuildVerb.main of <colcon_core.verb.build.BuildVerb object at 0x7c3c32ea9eb0>>)
[0.155s] Level 1:colcon.colcon_core.package_discovery:discover_packages(colcon_meta) check parameters
[0.155s] Level 1:colcon.colcon_core.package_discovery:discover_packages(recursive) check parameters
[0.155s] Level 1:colcon.colcon_core.package_discovery:discover_packages(ignore) check parameters
[0.155s] Level 1:colcon.colcon_core.package_discovery:discover_packages(path) check parameters
[0.155s] Level 1:colcon.colcon_core.package_discovery:discover_packages(colcon_meta) discover
[0.155s] Level 1:colcon.colcon_core.package_discovery:discover_packages(recursive) discover
[0.155s] INFO:colcon.colcon_core.package_discovery:Crawling recursively for packages in '/home/kkb007x/closed_chain_gripper'
[0.155s] Level 1:colcon.colcon_core.package_identification:_identify(.) by extensions ['ignore', 'ignore_ament_install']
[0.155s] Level 1:colcon.colcon_core.package_identification:_identify(.) by extension 'ignore'
[0.155s] Level 1:colcon.colcon_core.package_identification:_identify(.) by extension 'ignore_ament_install'
[0.155s] Level 1:colcon.colcon_core.package_identification:_identify(.) by extensions ['colcon_pkg']
[0.155s] Level 1:colcon.colcon_core.package_identification:_identify(.) by extension 'colcon_pkg'
[0.155s] Level 1:colcon.colcon_core.package_identification:_identify(.) by extensions ['colcon_meta']
[0.155s] Level 1:colcon.colcon_core.package_identification:_identify(.) by extension 'colcon_meta'
[0.155s] Level 1:colcon.colcon_core.package_identification:_identify(.) by extensions ['ros']
[0.155s] Level 1:colcon.colcon_core.package_identification:_identify(.) by extension 'ros'
[0.179s] Level 1:colcon.colcon_core.package_identification:_identify(.) by extensions ['cmake', 'python']
[0.180s] Level 1:colcon.colcon_core.package_identification:_identify(.) by extension 'cmake'
[0.180s] Level 1:colcon.colcon_core.package_identification:_identify(.) by extension 'python'
[0.180s] Level 1:colcon.colcon_core.package_identification:_identify(.) by extensions ['python_setup_py']
[0.180s] Level 1:colcon.colcon_core.package_identification:_identify(.) by extension 'python_setup_py'
[0.180s] Level 1:colcon.colcon_core.package_identification:_identify(build) by extensions ['ignore', 'ignore_ament_install']
[0.180s] Level 1:colcon.colcon_core.package_identification:_identify(build) by extension 'ignore'
[0.180s] Level 1:colcon.colcon_core.package_identification:_identify(build) ignored
[0.180s] Level 1:colcon.colcon_core.package_identification:_identify(install) by extensions ['ignore', 'ignore_ament_install']
[0.180s] Level 1:colcon.colcon_core.package_identification:_identify(install) by extension 'ignore'
[0.180s] Level 1:colcon.colcon_core.package_identification:_identify(install) ignored
[0.180s] Level 1:colcon.colcon_core.package_identification:_identify(log) by extensions ['ignore', 'ignore_ament_install']
[0.180s] Level 1:colcon.colcon_core.package_identification:_identify(log) by extension 'ignore'
[0.180s] Level 1:colcon.colcon_core.package_identification:_identify(log) ignored
[0.180s] Level 1:colcon.colcon_core.package_identification:_identify(src) by extensions ['ignore', 'ignore_ament_install']
[0.180s] Level 1:colcon.colcon_core.package_identification:_identify(src) by extension 'ignore'
[0.180s] Level 1:colcon.colcon_core.package_identification:_identify(src) by extension 'ignore_ament_install'
[0.180s] Level 1:colcon.colcon_core.package_identification:_identify(src) by extensions ['colcon_pkg']
[0.180s] Level 1:colcon.colcon_core.package_identification:_identify(src) by extension 'colcon_pkg'
[0.180s] Level 1:colcon.colcon_core.package_identification:_identify(src) by extensions ['colcon_meta']
[0.180s] Level 1:colcon.colcon_core.package_identification:_identify(src) by extension 'colcon_meta'
[0.180s] Level 1:colcon.colcon_core.package_identification:_identify(src) by extensions ['ros']
[0.180s] Level 1:colcon.colcon_core.package_identification:_identify(src) by extension 'ros'
[0.180s] Level 1:colcon.colcon_core.package_identification:_identify(src) by extensions ['cmake', 'python']
[0.181s] Level 1:colcon.colcon_core.package_identification:_identify(src) by extension 'cmake'
[0.181s] Level 1:colcon.colcon_core.package_identification:_identify(src) by extension 'python'
[0.181s] Level 1:colcon.colcon_core.package_identification:_identify(src) by extensions ['python_setup_py']
[0.181s] Level 1:colcon.colcon_core.package_identification:_identify(src) by extension 'python_setup_py'
[0.181s] Level 1:colcon.colcon_core.package_identification:_identify(src/gripper_description) by extensions ['ignore', 'ignore_ament_install']
[0.181s] Level 1:colcon.colcon_core.package_identification:_identify(src/gripper_description) by extension 'ignore'
[0.181s] Level 1:colcon.colcon_core.package_identification:_identify(src/gripper_description) by extension 'ignore_ament_install'
[0.181s] Level 1:colcon.colcon_core.package_identification:_identify(src/gripper_description) by extensions ['colcon_pkg']
[0.181s] Level 1:colcon.colcon_core.package_identification:_identify(src/gripper_description) by extension 'colcon_pkg'
[0.181s] Level 1:colcon.colcon_core.package_identification:_identify(src/gripper_description) by extensions ['colcon_meta']
[0.181s] Level 1:colcon.colcon_core.package_identification:_identify(src/gripper_description) by extension 'colcon_meta'
[0.181s] Level 1:colcon.colcon_core.package_identification:_identify(src/gripper_description) by extensions ['ros']
[0.181s] Level 1:colcon.colcon_core.package_identification:_identify(src/gripper_description) by extension 'ros'
[0.184s] DEBUG:colcon.colcon_core.package_identification:Package 'src/gripper_description' with type 'ros.ament_cmake' and name 'gripper_description'
[0.184s] Level 1:colcon.colcon_core.package_identification:_identify(src/gripper_plugins) by extensions ['ignore', 'ignore_ament_install']
[0.184s] Level 1:colcon.colcon_core.package_identification:_identify(src/gripper_plugins) by extension 'ignore'
[0.184s] Level 1:colcon.colcon_core.package_identification:_identify(src/gripper_plugins) by extension 'ignore_ament_install'
[0.184s] Level 1:colcon.colcon_core.package_identification:_identify(src/gripper_plugins) by extensions ['colcon_pkg']
[0.184s] Level 1:colcon.colcon_core.package_identification:_identify(src/gripper_plugins) by extension 'colcon_pkg'
[0.184s] Level 1:colcon.colcon_core.package_identification:_identify(src/gripper_plugins) by extensions ['colcon_meta']
[0.184s] Level 1:colcon.colcon_core.package_identification:_identify(src/gripper_plugins) by extension 'colcon_meta'
[0.184s] Level 1:colcon.colcon_core.package_identification:_identify(src/gripper_plugins) by extensions ['ros']
[0.184s] Level 1:colcon.colcon_core.package_identification:_identify(src/gripper_plugins) by extension 'ros'
[0.185s] DEBUG:colcon.colcon_core.package_identification:Package 'src/gripper_plugins' with type 'ros.ament_cmake' and name 'gripper_plugins'
[0.185s] Level 1:colcon.colcon_core.package_discovery:discover_packages(recursive) using defaults
[0.185s] Level 1:colcon.colcon_core.package_discovery:discover_packages(ignore) discover
[0.185s] Level 1:colcon.colcon_core.package_discovery:discover_packages(ignore) using defaults
[0.185s] Level 1:colcon.colcon_core.package_discovery:discover_packages(path) discover
[0.185s] Level 1:colcon.colcon_core.package_discovery:discover_packages(path) using defaults
[0.200s] Level 1:colcon.colcon_core.package_discovery:discover_packages(prefix_path) check parameters
[0.200s] Level 1:colcon.colcon_core.package_discovery:discover_packages(prefix_path) discover
[0.201s] DEBUG:colcon.colcon_installed_package_information.package_discovery:Found 2 installed packages in /home/kkb007x/closed_chain_gripper/install
[0.202s] DEBUG:colcon.colcon_installed_package_information.package_discovery:Found 373 installed packages in /opt/ros/jazzy
[0.203s] Level 1:colcon.colcon_core.package_discovery:discover_packages(prefix_path) using defaults
[0.235s] Level 5:colcon.colcon_core.verb:set package 'gripper_description' build argument 'cmake_args' from command line to 'None'
[0.235s] Level 5:colcon.colcon_core.verb:set package 'gripper_description' build argument 'cmake_target' from command line to 'None'
[0.235s] Level 5:colcon.colcon_core.verb:set package 'gripper_description' build argument 'cmake_target_skip_unavailable' from command line to 'False'
[0.235s] Level 5:colcon.colcon_core.verb:set package 'gripper_description' build argument 'cmake_clean_cache' from command line to 'False'
[0.235s] Level 5:colcon.colcon_core.verb:set package 'gripper_description' build argument 'cmake_clean_first' from command line to 'False'
[0.235s] Level 5:colcon.colcon_core.verb:set package 'gripper_description' build argument 'cmake_force_configure' from command line to 'False'
[0.235s] Level 5:colcon.colcon_core.verb:set package 'gripper_description' build argument 'ament_cmake_args' from command line to 'None'
[0.235s] Level 5:colcon.colcon_core.verb:set package 'gripper_description' build argument 'catkin_cmake_args' from command line to 'None'
[0.235s] Level 5:colcon.colcon_core.verb:set package 'gripper_description' build argument 'catkin_skip_building_tests' from command line to 'False'
[0.235s] DEBUG:colcon.colcon_core.verb:Building package 'gripper_description' with the following arguments: {'ament_cmake_args': None, 'build_base': '/home/kkb007x/closed_chain_gripper/build/gripper_description', 'catkin_cmake_args': None, 'catkin_skip_building_tests': False, 'cmake_args': None, 'cmake_clean_cache': False, 'cmake_clean_first': False, 'cmake_force_configure': False, 'cmake_target': None, 'cmake_target_skip_unavailable': False, 'install_base': '/home/kkb007x/closed_chain_gripper/install/gripper_description', 'merge_install': False, 'path': '/home/kkb007x/closed_chain_gripper/src/gripper_description', 'symlink_install': True, 'test_result_base': None}
[0.235s] Level 5:colcon.colcon_core.verb:set package 'gripper_plugins' build argument 'cmake_args' from command line to 'None'
[0.235s] Level 5:colcon.colcon_core.verb:set package 'gripper_plugins' build argument 'cmake_target' from command line to 'None'
[0.235s] Level 5:colcon.colcon_core.verb:set package 'gripper_plugins' build argument 'cmake_target_skip_unavailable' from command line to 'False'
[0.235s] Level 5:colcon.colcon_core.verb:set package 'gripper_plugins' build argument 'cmake_clean_cache' from command line to 'False'
[0.235s] Level 5:colcon.colcon_core.verb:set package 'gripper_plugins' build argument 'cmake_clean_first' from command line to 'False'
[0.235s] Level 5:colcon.colcon_core.verb:set package 'gripper_plugins' build argument 'cmake_force_configure' from command line to 'False'
[0.235s] Level 5:colcon.colcon_core.verb:set package 'gripper_plugins' build argument 'ament_cmake_args' from command line to 'None'
[0.235s] Level 5:colcon.colcon_core.verb:set package 'gripper_plugins' build argument 'catkin_cmake_args' from command line to 'None'
[0.235s] Level 5:colcon.colcon_core.verb:set package 'gripper_plugins' build argument 'catkin_skip_building_tests' from command line to 'False'
[0.235s] DEBUG:colcon.colcon_core.verb:Building package 'gripper_plugins' with the following arguments: {'ament_cmake_args': None, 'build_base': '/home/kkb007x/closed_chain_gripper/build/gripper_plugins', 'catkin_cmake_args': None, 'catkin_skip_building_tests': False, 'cmake_args': None, 'cmake_clean_cache': False, 'cmake_clean_first': False, 'cmake_force_configure': False, 'cmake_target': None, 'cmake_target_skip_unavailable': False, 'install_base': '/home/kkb007x/closed_chain_gripper/install/gripper_plugins', 'merge_install': False, 'path': '/home/kkb007x/closed_chain_gripper/src/gripper_plugins', 'symlink_install': True, 'test_result_base': None}
[0.235s] INFO:colcon.colcon_core.executor:Executing jobs using 'parallel' executor
[0.236s] DEBUG:colcon.colcon_parallel_executor.executor.parallel:run_until_complete
[0.237s] INFO:colcon.colcon_ros.task.ament_cmake.build:Building ROS package in '/home/kkb007x/closed_chain_gripper/src/gripper_description' with build type 'ament_cmake'
[0.237s] INFO:colcon.colcon_cmake.task.cmake.build:Building CMake package in '/home/kkb007x/closed_chain_gripper/src/gripper_description'
[0.238s] INFO:colcon.colcon_core.plugin_system:Skipping extension 'colcon_core.shell.bat': Not used on non-Windows systems
[0.238s] INFO:colcon.colcon_core.shell:Skip shell extension 'powershell' for command environment: Not usable outside of PowerShell
[0.238s] DEBUG:colcon.colcon_core.shell:Skip shell extension 'dsv' for command environment
[0.242s] INFO:colcon.colcon_ros.task.ament_cmake.build:Building ROS package in '/home/kkb007x/closed_chain_gripper/src/gripper_plugins' with build type 'ament_cmake'
[0.242s] INFO:colcon.colcon_cmake.task.cmake.build:Building CMake package in '/home/kkb007x/closed_chain_gripper/src/gripper_plugins'
[0.242s] INFO:colcon.colcon_core.shell:Skip shell extension 'powershell' for command environment: Not usable outside of PowerShell
[0.242s] DEBUG:colcon.colcon_core.shell:Skip shell extension 'dsv' for command environment
[0.251s] DEBUG:colcon.colcon_core.event_handler.log_command:Invoking command in '/home/kkb007x/closed_chain_gripper/build/gripper_description': CMAKE_PREFIX_PATH=${CMAKE_PREFIX_PATH}:/opt/ros/jazzy DEBUGINFOD_URLS=https://debuginfod.ubuntu.com /usr/bin/cmake /home/kkb007x/closed_chain_gripper/src/gripper_description -DAMENT_CMAKE_SYMLINK_INSTALL=1 -DCMAKE_INSTALL_PREFIX=/home/kkb007x/closed_chain_gripper/install/gripper_description
[0.256s] DEBUG:colcon.colcon_core.event_handler.log_command:Invoking command in '/home/kkb007x/closed_chain_gripper/build/gripper_plugins': CMAKE_PREFIX_PATH=${CMAKE_PREFIX_PATH}:/opt/ros/jazzy DEBUGINFOD_URLS=https://debuginfod.ubuntu.com /usr/bin/cmake /home/kkb007x/closed_chain_gripper/src/gripper_plugins -DAMENT_CMAKE_SYMLINK_INSTALL=1 -DCMAKE_INSTALL_PREFIX=/home/kkb007x/closed_chain_gripper/install/gripper_plugins
[0.534s] DEBUG:colcon.colcon_core.event_handler.log_command:Invoked command in '/home/kkb007x/closed_chain_gripper/build/gripper_description' returned '0': CMAKE_PREFIX_PATH=${CMAKE_PREFIX_PATH}:/opt/ros/jazzy DEBUGINFOD_URLS=https://debuginfod.ubuntu.com /usr/bin/cmake /home/kkb007x/closed_chain_gripper/src/gripper_description -DAMENT_CMAKE_SYMLINK_INSTALL=1 -DCMAKE_INSTALL_PREFIX=/home/kkb007x/closed_chain_gripper/install/gripper_description
[0.534s] DEBUG:colcon.colcon_core.event_handler.log_command:Invoking command in '/home/kkb007x/closed_chain_gripper/build/gripper_description': CMAKE_PREFIX_PATH=${CMAKE_PREFIX_PATH}:/opt/ros/jazzy DEBUGINFOD_URLS=https://debuginfod.ubuntu.com /usr/bin/cmake --build /home/kkb007x/closed_chain_gripper/build/gripper_description -- -j16 -l16
[0.585s] DEBUG:colcon.colcon_core.event_handler.log_command:Invoked command in '/home/kkb007x/closed_chain_gripper/build/gripper_description' returned '0': CMAKE_PREFIX_PATH=${CMAKE_PREFIX_PATH}:/opt/ros/jazzy DEBUGINFOD_URLS=https://debuginfod.ubuntu.com /usr/bin/cmake --build /home/kkb007x/closed_chain_gripper/build/gripper_description -- -j16 -l16
[0.596s] DEBUG:colcon.colcon_core.event_handler.log_command:Invoking command in '/home/kkb007x/closed_chain_gripper/build/gripper_description': CMAKE_PREFIX_PATH=${CMAKE_PREFIX_PATH}:/opt/ros/jazzy DEBUGINFOD_URLS=https://debuginfod.ubuntu.com /usr/bin/cmake --install /home/kkb007x/closed_chain_gripper/build/gripper_description
[0.624s] Level 1:colcon.colcon_core.environment:create_environment_scripts_only(gripper_description)
[0.624s] DEBUG:colcon.colcon_core.event_handler.log_command:Invoked command in '/home/kkb007x/closed_chain_gripper/build/gripper_description' returned '0': CMAKE_PREFIX_PATH=${CMAKE_PREFIX_PATH}:/opt/ros/jazzy DEBUGINFOD_URLS=https://debuginfod.ubuntu.com /usr/bin/cmake --install /home/kkb007x/closed_chain_gripper/build/gripper_description
[0.626s] Level 1:colcon.colcon_core.environment:checking '/home/kkb007x/closed_chain_gripper/install/gripper_description' for CMake module files
[0.626s] Level 1:colcon.colcon_core.environment:checking '/home/kkb007x/closed_chain_gripper/install/gripper_description' for CMake config files
[0.627s] Level 1:colcon.colcon_core.shell:create_environment_hook('gripper_description', 'cmake_prefix_path')
[0.627s] INFO:colcon.colcon_core.shell:Creating environment hook '/home/kkb007x/closed_chain_gripper/install/gripper_description/share/gripper_description/hook/cmake_prefix_path.ps1'
[0.627s] INFO:colcon.colcon_core.shell:Creating environment descriptor '/home/kkb007x/closed_chain_gripper/install/gripper_description/share/gripper_description/hook/cmake_prefix_path.dsv'
[0.627s] INFO:colcon.colcon_core.shell:Creating environment hook '/home/kkb007x/closed_chain_gripper/install/gripper_description/share/gripper_description/hook/cmake_prefix_path.sh'
[0.628s] Level 1:colcon.colcon_core.environment:checking '/home/kkb007x/closed_chain_gripper/install/gripper_description/bin'
[0.628s] Level 1:colcon.colcon_core.environment:checking '/home/kkb007x/closed_chain_gripper/install/gripper_description/lib/pkgconfig/gripper_description.pc'
[0.628s] Level 1:colcon.colcon_core.environment:checking '/home/kkb007x/closed_chain_gripper/install/gripper_description/lib/python3.12/site-packages'
[0.628s] Level 1:colcon.colcon_core.environment:checking '/home/kkb007x/closed_chain_gripper/install/gripper_description/bin'
[0.629s] INFO:colcon.colcon_core.shell:Creating package script '/home/kkb007x/closed_chain_gripper/install/gripper_description/share/gripper_description/package.ps1'
[0.629s] INFO:colcon.colcon_core.shell:Creating package descriptor '/home/kkb007x/closed_chain_gripper/install/gripper_description/share/gripper_description/package.dsv'
[0.629s] INFO:colcon.colcon_core.shell:Creating package script '/home/kkb007x/closed_chain_gripper/install/gripper_description/share/gripper_description/package.sh'
[0.630s] INFO:colcon.colcon_core.shell:Creating package script '/home/kkb007x/closed_chain_gripper/install/gripper_description/share/gripper_description/package.bash'
[0.630s] INFO:colcon.colcon_core.shell:Creating package script '/home/kkb007x/closed_chain_gripper/install/gripper_description/share/gripper_description/package.zsh'
[0.631s] Level 1:colcon.colcon_core.environment:create_file_with_runtime_dependencies(/home/kkb007x/closed_chain_gripper/install/gripper_description/share/colcon-core/packages/gripper_description)
[0.631s] Level 1:colcon.colcon_core.environment:create_environment_scripts_only(gripper_description)
[0.631s] Level 1:colcon.colcon_core.environment:checking '/home/kkb007x/closed_chain_gripper/install/gripper_description' for CMake module files
[0.631s] Level 1:colcon.colcon_core.environment:checking '/home/kkb007x/closed_chain_gripper/install/gripper_description' for CMake config files
[0.632s] Level 1:colcon.colcon_core.shell:create_environment_hook('gripper_description', 'cmake_prefix_path')
[0.632s] INFO:colcon.colcon_core.shell:Creating environment hook '/home/kkb007x/closed_chain_gripper/install/gripper_description/share/gripper_description/hook/cmake_prefix_path.ps1'
[0.632s] INFO:colcon.colcon_core.shell:Creating environment descriptor '/home/kkb007x/closed_chain_gripper/install/gripper_description/share/gripper_description/hook/cmake_prefix_path.dsv'
[0.632s] INFO:colcon.colcon_core.shell:Creating environment hook '/home/kkb007x/closed_chain_gripper/install/gripper_description/share/gripper_description/hook/cmake_prefix_path.sh'
[0.633s] Level 1:colcon.colcon_core.environment:checking '/home/kkb007x/closed_chain_gripper/install/gripper_description/bin'
[0.633s] Level 1:colcon.colcon_core.environment:checking '/home/kkb007x/closed_chain_gripper/install/gripper_description/lib/pkgconfig/gripper_description.pc'
[0.633s] Level 1:colcon.colcon_core.environment:checking '/home/kkb007x/closed_chain_gripper/install/gripper_description/lib/python3.12/site-packages'
[0.633s] Level 1:colcon.colcon_core.environment:checking '/home/kkb007x/closed_chain_gripper/install/gripper_description/bin'
[0.633s] INFO:colcon.colcon_core.shell:Creating package script '/home/kkb007x/closed_chain_gripper/install/gripper_description/share/gripper_description/package.ps1'
[0.633s] INFO:colcon.colcon_core.shell:Creating package descriptor '/home/kkb007x/closed_chain_gripper/install/gripper_description/share/gripper_description/package.dsv'
[0.634s] INFO:colcon.colcon_core.shell:Creating package script '/home/kkb007x/closed_chain_gripper/install/gripper_description/share/gripper_description/package.sh'
[0.634s] INFO:colcon.colcon_core.shell:Creating package script '/home/kkb007x/closed_chain_gripper/install/gripper_description/share/gripper_description/package.bash'
[0.634s] INFO:colcon.colcon_core.shell:Creating package script '/home/kkb007x/closed_chain_gripper/install/gripper_description/share/gripper_description/package.zsh'
[0.634s] Level 1:colcon.colcon_core.environment:create_file_with_runtime_dependencies(/home/kkb007x/closed_chain_gripper/install/gripper_description/share/colcon-core/packages/gripper_description)
[1.480s] DEBUG:colcon.colcon_core.event_handler.log_command:Invoked command in '/home/kkb007x/closed_chain_gripper/build/gripper_plugins' returned '0': CMAKE_PREFIX_PATH=${CMAKE_PREFIX_PATH}:/opt/ros/jazzy DEBUGINFOD_URLS=https://debuginfod.ubuntu.com /usr/bin/cmake /home/kkb007x/closed_chain_gripper/src/gripper_plugins -DAMENT_CMAKE_SYMLINK_INSTALL=1 -DCMAKE_INSTALL_PREFIX=/home/kkb007x/closed_chain_gripper/install/gripper_plugins
[1.481s] DEBUG:colcon.colcon_core.event_handler.log_command:Invoking command in '/home/kkb007x/closed_chain_gripper/build/gripper_plugins': CMAKE_PREFIX_PATH=${CMAKE_PREFIX_PATH}:/opt/ros/jazzy DEBUGINFOD_URLS=https://debuginfod.ubuntu.com /usr/bin/cmake --build /home/kkb007x/closed_chain_gripper/build/gripper_plugins -- -j16 -l16
[1.569s] DEBUG:colcon.colcon_core.event_handler.log_command:Invoked command in '/home/kkb007x/closed_chain_gripper/build/gripper_plugins' returned '0': CMAKE_PREFIX_PATH=${CMAKE_PREFIX_PATH}:/opt/ros/jazzy DEBUGINFOD_URLS=https://debuginfod.ubuntu.com /usr/bin/cmake --build /home/kkb007x/closed_chain_gripper/build/gripper_plugins -- -j16 -l16
[1.571s] DEBUG:colcon.colcon_core.event_handler.log_command:Invoking command in '/home/kkb007x/closed_chain_gripper/build/gripper_plugins': CMAKE_PREFIX_PATH=${CMAKE_PREFIX_PATH}:/opt/ros/jazzy DEBUGINFOD_URLS=https://debuginfod.ubuntu.com /usr/bin/cmake --install /home/kkb007x/closed_chain_gripper/build/gripper_plugins
[1.595s] Level 1:colcon.colcon_core.environment:create_environment_scripts_only(gripper_plugins)
[1.595s] Level 1:colcon.colcon_core.environment:checking '/home/kkb007x/closed_chain_gripper/install/gripper_plugins' for CMake module files
[1.596s] DEBUG:colcon.colcon_core.event_handler.log_command:Invoked command in '/home/kkb007x/closed_chain_gripper/build/gripper_plugins' returned '0': CMAKE_PREFIX_PATH=${CMAKE_PREFIX_PATH}:/opt/ros/jazzy DEBUGINFOD_URLS=https://debuginfod.ubuntu.com /usr/bin/cmake --install /home/kkb007x/closed_chain_gripper/build/gripper_plugins
[1.596s] Level 1:colcon.colcon_core.environment:checking '/home/kkb007x/closed_chain_gripper/install/gripper_plugins' for CMake config files
[1.597s] Level 1:colcon.colcon_core.shell:create_environment_hook('gripper_plugins', 'cmake_prefix_path')
[1.597s] INFO:colcon.colcon_core.shell:Creating environment hook '/home/kkb007x/closed_chain_gripper/install/gripper_plugins/share/gripper_plugins/hook/cmake_prefix_path.ps1'
[1.597s] INFO:colcon.colcon_core.shell:Creating environment descriptor '/home/kkb007x/closed_chain_gripper/install/gripper_plugins/share/gripper_plugins/hook/cmake_prefix_path.dsv'
[1.597s] INFO:colcon.colcon_core.shell:Creating environment hook '/home/kkb007x/closed_chain_gripper/install/gripper_plugins/share/gripper_plugins/hook/cmake_prefix_path.sh'
[1.598s] Level 1:colcon.colcon_core.environment:checking '/home/kkb007x/closed_chain_gripper/install/gripper_plugins/lib'
[1.598s] Level 1:colcon.colcon_core.shell:create_environment_hook('gripper_plugins', 'ld_library_path_lib')
[1.598s] INFO:colcon.colcon_core.shell:Creating environment hook '/home/kkb007x/closed_chain_gripper/install/gripper_plugins/share/gripper_plugins/hook/ld_library_path_lib.ps1'
[1.598s] INFO:colcon.colcon_core.shell:Creating environment descriptor '/home/kkb007x/closed_chain_gripper/install/gripper_plugins/share/gripper_plugins/hook/ld_library_path_lib.dsv'
[1.598s] INFO:colcon.colcon_core.shell:Creating environment hook '/home/kkb007x/closed_chain_gripper/install/gripper_plugins/share/gripper_plugins/hook/ld_library_path_lib.sh'
[1.599s] Level 1:colcon.colcon_core.environment:checking '/home/kkb007x/closed_chain_gripper/install/gripper_plugins/bin'
[1.599s] Level 1:colcon.colcon_core.environment:checking '/home/kkb007x/closed_chain_gripper/install/gripper_plugins/lib/pkgconfig/gripper_plugins.pc'
[1.599s] Level 1:colcon.colcon_core.environment:checking '/home/kkb007x/closed_chain_gripper/install/gripper_plugins/lib/python3.12/site-packages'
[1.599s] Level 1:colcon.colcon_core.environment:checking '/home/kkb007x/closed_chain_gripper/install/gripper_plugins/bin'
[1.599s] INFO:colcon.colcon_core.shell:Creating package script '/home/kkb007x/closed_chain_gripper/install/gripper_plugins/share/gripper_plugins/package.ps1'
[1.599s] INFO:colcon.colcon_core.shell:Creating package descriptor '/home/kkb007x/closed_chain_gripper/install/gripper_plugins/share/gripper_plugins/package.dsv'
[1.600s] INFO:colcon.colcon_core.shell:Creating package script '/home/kkb007x/closed_chain_gripper/install/gripper_plugins/share/gripper_plugins/package.sh'
[1.600s] INFO:colcon.colcon_core.shell:Creating package script '/home/kkb007x/closed_chain_gripper/install/gripper_plugins/share/gripper_plugins/package.bash'
[1.600s] INFO:colcon.colcon_core.shell:Creating package script '/home/kkb007x/closed_chain_gripper/install/gripper_plugins/share/gripper_plugins/package.zsh'
[1.600s] Level 1:colcon.colcon_core.environment:create_file_with_runtime_dependencies(/home/kkb007x/closed_chain_gripper/install/gripper_plugins/share/colcon-core/packages/gripper_plugins)
[1.601s] Level 1:colcon.colcon_core.environment:create_environment_scripts_only(gripper_plugins)
[1.601s] Level 1:colcon.colcon_core.environment:checking '/home/kkb007x/closed_chain_gripper/install/gripper_plugins' for CMake module files
[1.601s] Level 1:colcon.colcon_core.environment:checking '/home/kkb007x/closed_chain_gripper/install/gripper_plugins' for CMake config files
[1.601s] Level 1:colcon.colcon_core.shell:create_environment_hook('gripper_plugins', 'cmake_prefix_path')
[1.601s] INFO:colcon.colcon_core.shell:Creating environment hook '/home/kkb007x/closed_chain_gripper/install/gripper_plugins/share/gripper_plugins/hook/cmake_prefix_path.ps1'
[1.601s] INFO:colcon.colcon_core.shell:Creating environment descriptor '/home/kkb007x/closed_chain_gripper/install/gripper_plugins/share/gripper_plugins/hook/cmake_prefix_path.dsv'
[1.602s] INFO:colcon.colcon_core.shell:Creating environment hook '/home/kkb007x/closed_chain_gripper/install/gripper_plugins/share/gripper_plugins/hook/cmake_prefix_path.sh'
[1.602s] Level 1:colcon.colcon_core.environment:checking '/home/kkb007x/closed_chain_gripper/install/gripper_plugins/lib'
[1.602s] Level 1:colcon.colcon_core.shell:create_environment_hook('gripper_plugins', 'ld_library_path_lib')
[1.602s] INFO:colcon.colcon_core.shell:Creating environment hook '/home/kkb007x/closed_chain_gripper/install/gripper_plugins/share/gripper_plugins/hook/ld_library_path_lib.ps1'
[1.602s] INFO:colcon.colcon_core.shell:Creating environment descriptor '/home/kkb007x/closed_chain_gripper/install/gripper_plugins/share/gripper_plugins/hook/ld_library_path_lib.dsv'
[1.602s] INFO:colcon.colcon_core.shell:Creating environment hook '/home/kkb007x/closed_chain_gripper/install/gripper_plugins/share/gripper_plugins/hook/ld_library_path_lib.sh'
[1.603s] Level 1:colcon.colcon_core.environment:checking '/home/kkb007x/closed_chain_gripper/install/gripper_plugins/bin'
[1.603s] Level 1:colcon.colcon_core.environment:checking '/home/kkb007x/closed_chain_gripper/install/gripper_plugins/lib/pkgconfig/gripper_plugins.pc'
[1.603s] Level 1:colcon.colcon_core.environment:checking '/home/kkb007x/closed_chain_gripper/install/gripper_plugins/lib/python3.12/site-packages'
[1.603s] Level 1:colcon.colcon_core.environment:checking '/home/kkb007x/closed_chain_gripper/install/gripper_plugins/bin'
[1.603s] INFO:colcon.colcon_core.shell:Creating package script '/home/kkb007x/closed_chain_gripper/install/gripper_plugins/share/gripper_plugins/package.ps1'
[1.603s] INFO:colcon.colcon_core.shell:Creating package descriptor '/home/kkb007x/closed_chain_gripper/install/gripper_plugins/share/gripper_plugins/package.dsv'
[1.603s] INFO:colcon.colcon_core.shell:Creating package script '/home/kkb007x/closed_chain_gripper/install/gripper_plugins/share/gripper_plugins/package.sh'
[1.604s] INFO:colcon.colcon_core.shell:Creating package script '/home/kkb007x/closed_chain_gripper/install/gripper_plugins/share/gripper_plugins/package.bash'
[1.604s] INFO:colcon.colcon_core.shell:Creating package script '/home/kkb007x/closed_chain_gripper/install/gripper_plugins/share/gripper_plugins/package.zsh'
[1.604s] Level 1:colcon.colcon_core.environment:create_file_with_runtime_dependencies(/home/kkb007x/closed_chain_gripper/install/gripper_plugins/share/colcon-core/packages/gripper_plugins)
[1.604s] DEBUG:colcon.colcon_parallel_executor.executor.parallel:closing loop
[1.604s] DEBUG:colcon.colcon_parallel_executor.executor.parallel:loop closed
[1.604s] DEBUG:colcon.colcon_parallel_executor.executor.parallel:run_until_complete finished with '0'
[1.605s] DEBUG:colcon.colcon_core.event_reactor:joining thread
[1.611s] INFO:colcon.colcon_core.plugin_system:Skipping extension 'colcon_notification.desktop_notification.terminal_notifier': Not used on non-Darwin systems
[1.611s] INFO:colcon.colcon_core.plugin_system:Skipping extension 'colcon_notification.desktop_notification.win32': Not used on non-Windows systems
[1.611s] INFO:colcon.colcon_notification.desktop_notification:Sending desktop notification using 'notify2'
[1.625s] DEBUG:colcon.colcon_core.event_reactor:joined thread
[1.626s] INFO:colcon.colcon_core.shell:Creating prefix script '/home/kkb007x/closed_chain_gripper/install/local_setup.ps1'
[1.627s] INFO:colcon.colcon_core.shell:Creating prefix util module '/home/kkb007x/closed_chain_gripper/install/_local_setup_util_ps1.py'
[1.627s] INFO:colcon.colcon_core.shell:Creating prefix chain script '/home/kkb007x/closed_chain_gripper/install/setup.ps1'
[1.628s] INFO:colcon.colcon_core.shell:Creating prefix script '/home/kkb007x/closed_chain_gripper/install/local_setup.sh'
[1.629s] INFO:colcon.colcon_core.shell:Creating prefix util module '/home/kkb007x/closed_chain_gripper/install/_local_setup_util_sh.py'
[1.629s] INFO:colcon.colcon_core.shell:Creating prefix chain script '/home/kkb007x/closed_chain_gripper/install/setup.sh'
[1.630s] INFO:colcon.colcon_core.shell:Creating prefix script '/home/kkb007x/closed_chain_gripper/install/local_setup.bash'
[1.630s] INFO:colcon.colcon_core.shell:Creating prefix chain script '/home/kkb007x/closed_chain_gripper/install/setup.bash'
[1.631s] INFO:colcon.colcon_core.shell:Creating prefix script '/home/kkb007x/closed_chain_gripper/install/local_setup.zsh'
[1.631s] INFO:colcon.colcon_core.shell:Creating prefix chain script '/home/kkb007x/closed_chain_gripper/install/setup.zsh'
