[ 50%] [32mBuilding CXX object CMakeFiles/gripper_plugin.dir/src/gripper_plugin.cpp.o[0m
[01m[K/home/kkb007x/closed_chain_gripper/src/gripper_plugins/src/gripper_plugin.cpp:[m[K In member function ‘[01m[Kvirtual void gripper_plugins::SpringPlugin::[01;32m[KConfigure[m[K(const gz::sim::v8::Entity&, const std::shared_ptr<const sdf::v14::Element>&, gz::sim::v8::EntityComponentManager&, gz::sim::v8::EventManager&)[m[K’:
[01m[K/home/kkb007x/closed_chain_gripper/src/gripper_plugins/src/gripper_plugin.cpp:23:42:[m[K [01;35m[Kwarning: [m[Kunused parameter ‘[01m[Kecm[m[K’ [[01;35m[K]8;;https://gcc.gnu.org/onlinedocs/gcc/Warning-Options.html#index-Wunused-parameter-Wunused-parameter]8;;[m[K]
   23 |         [01;35m[Kgz::sim::EntityComponentManager &ecm[m[K,
      |         [01;35m[K~~~~~~~~~~~~~~~~~~~~~~~~~~~~~~~~~^~~[m[K
[100%] [32m[1mLinking CXX shared library libgripper_plugin.so[0m
[100%] Built target gripper_plugin
-- Install configuration: ""
-- Execute custom install script
-- Up-to-date symlink: /home/kkb007x/closed_chain_gripper/install/gripper_plugins/lib/libgripper_plugin.so
-- Up-to-date symlink: /home/kkb007x/closed_chain_gripper/install/gripper_plugins/share/ament_index/resource_index/package_run_dependencies/gripper_plugins
-- Up-to-date symlink: /home/kkb007x/closed_chain_gripper/install/gripper_plugins/share/ament_index/resource_index/parent_prefix_path/gripper_plugins
-- Up-to-date symlink: /home/kkb007x/closed_chain_gripper/install/gripper_plugins/share/gripper_plugins/environment/ament_prefix_path.sh
-- Up-to-date symlink: /home/kkb007x/closed_chain_gripper/install/gripper_plugins/share/gripper_plugins/environment/ament_prefix_path.dsv
-- Up-to-date symlink: /home/kkb007x/closed_chain_gripper/install/gripper_plugins/share/gripper_plugins/environment/path.sh
-- Up-to-date symlink: /home/kkb007x/closed_chain_gripper/install/gripper_plugins/share/gripper_plugins/environment/path.dsv
-- Up-to-date symlink: /home/kkb007x/closed_chain_gripper/install/gripper_plugins/share/gripper_plugins/local_setup.bash
-- Up-to-date symlink: /home/kkb007x/closed_chain_gripper/install/gripper_plugins/share/gripper_plugins/local_setup.sh
-- Up-to-date symlink: /home/kkb007x/closed_chain_gripper/install/gripper_plugins/share/gripper_plugins/local_setup.zsh
-- Up-to-date symlink: /home/kkb007x/closed_chain_gripper/install/gripper_plugins/share/gripper_plugins/local_setup.dsv
-- Symlinking: /home/kkb007x/closed_chain_gripper/install/gripper_plugins/share/gripper_plugins/package.dsv
-- Up-to-date symlink: /home/kkb007x/closed_chain_gripper/install/gripper_plugins/share/ament_index/resource_index/packages/gripper_plugins
-- Up-to-date symlink: /home/kkb007x/closed_chain_gripper/install/gripper_plugins/share/gripper_plugins/cmake/gripper_pluginsConfig.cmake
-- Up-to-date symlink: /home/kkb007x/closed_chain_gripper/install/gripper_plugins/share/gripper_plugins/cmake/gripper_pluginsConfig-version.cmake
-- Up-to-date symlink: /home/kkb007x/closed_chain_gripper/install/gripper_plugins/share/gripper_plugins/package.xml
