-- The C compiler identification is GNU 13.3.0
-- The CXX compiler identification is GNU 13.3.0
-- Detecting C compiler ABI info
-- Detecting C compiler ABI info - done
-- Check for working C compiler: /usr/bin/cc - skipped
-- Detecting C compile features
-- Detecting C compile features - done
-- Detecting CXX compiler ABI info
-- Detecting CXX compiler ABI info - done
-- Check for working CXX compiler: /usr/bin/c++ - skipped
-- Detecting CXX compile features
-- Detecting CXX compile features - done
-- Found ament_cmake: 2.5.6 (/opt/ros/jazzy/share/ament_cmake/cmake)
-- Found Python3: /usr/bin/python3 (found version "3.12.3") found components: Interpreter 
-- Override CMake install command with custom implementation using symlinks instead of copying resources
-- Found ament_lint_auto: 0.17.5 (/opt/ros/jazzy/share/ament_lint_auto/cmake)
-- Added test 'lint_cmake' to check CMake code style
-- Added test 'xmllint' to check XML markup files
-- Configuring done (0.7s)
-- Generating done (0.0s)
-- Build files have been written to: /home/kkb007x/closed_chain_gripper/build/gripper_plugins
-- Install configuration: ""
-- Execute custom install script
-- Symlinking: /home/kkb007x/closed_chain_gripper/install/gripper_plugins/share/ament_index/resource_index/package_run_dependencies/gripper_plugins
-- Symlinking: /home/kkb007x/closed_chain_gripper/install/gripper_plugins/share/ament_index/resource_index/parent_prefix_path/gripper_plugins
-- Symlinking: /home/kkb007x/closed_chain_gripper/install/gripper_plugins/share/gripper_plugins/environment/ament_prefix_path.sh
-- Symlinking: /home/kkb007x/closed_chain_gripper/install/gripper_plugins/share/gripper_plugins/environment/ament_prefix_path.dsv
-- Symlinking: /home/kkb007x/closed_chain_gripper/install/gripper_plugins/share/gripper_plugins/environment/path.sh
-- Symlinking: /home/kkb007x/closed_chain_gripper/install/gripper_plugins/share/gripper_plugins/environment/path.dsv
-- Symlinking: /home/kkb007x/closed_chain_gripper/install/gripper_plugins/share/gripper_plugins/local_setup.bash
-- Symlinking: /home/kkb007x/closed_chain_gripper/install/gripper_plugins/share/gripper_plugins/local_setup.sh
-- Symlinking: /home/kkb007x/closed_chain_gripper/install/gripper_plugins/share/gripper_plugins/local_setup.zsh
-- Symlinking: /home/kkb007x/closed_chain_gripper/install/gripper_plugins/share/gripper_plugins/local_setup.dsv
-- Symlinking: /home/kkb007x/closed_chain_gripper/install/gripper_plugins/share/gripper_plugins/package.dsv
-- Symlinking: /home/kkb007x/closed_chain_gripper/install/gripper_plugins/share/ament_index/resource_index/packages/gripper_plugins
-- Symlinking: /home/kkb007x/closed_chain_gripper/install/gripper_plugins/share/gripper_plugins/cmake/gripper_pluginsConfig.cmake
-- Symlinking: /home/kkb007x/closed_chain_gripper/install/gripper_plugins/share/gripper_plugins/cmake/gripper_pluginsConfig-version.cmake
-- Symlinking: /home/kkb007x/closed_chain_gripper/install/gripper_plugins/share/gripper_plugins/package.xml
