[0.022s] Invoking command in '/home/kkb007x/closed_chain_gripper/build/gripper_description': CMAKE_PREFIX_PATH=${CMAKE_PREFIX_PATH}:/opt/ros/jazzy DEBUGINFOD_URLS=https://debuginfod.ubuntu.com /usr/bin/cmake --build /home/kkb007x/closed_chain_gripper/build/gripper_description -- -j16 -l16
[0.102s] Invoked command in '/home/kkb007x/closed_chain_gripper/build/gripper_description' returned '0': CMAKE_PREFIX_PATH=${CMAKE_PREFIX_PATH}:/opt/ros/jazzy DEBUGINFOD_URLS=https://debuginfod.ubuntu.com /usr/bin/cmake --build /home/kkb007x/closed_chain_gripper/build/gripper_description -- -j16 -l16
[0.125s] Invoking command in '/home/kkb007x/closed_chain_gripper/build/gripper_description': CMAKE_PREFIX_PATH=${CMAKE_PREFIX_PATH}:/opt/ros/jazzy DEBUGINFOD_URLS=https://debuginfod.ubuntu.com /usr/bin/cmake --install /home/kkb007x/closed_chain_gripper/build/gripper_description
[0.138s] -- Install configuration: ""
[0.139s] -- Execute custom install script
[0.139s] -- Up-to-date symlink: /home/kkb007x/closed_chain_gripper/install/gripper_description/share/gripper_description/launch/display.launch
[0.139s] -- Up-to-date symlink: /home/kkb007x/closed_chain_gripper/install/gripper_description/share/gripper_description/launch/display.launch.py
[0.139s] -- Up-to-date symlink: /home/kkb007x/closed_chain_gripper/install/gripper_description/share/gripper_description/launch/gazebo.launch
[0.140s] [33mCMake Warning (dev) at ament_cmake_symlink_install/ament_cmake_symlink_install.cmake:67 (file):
[0.140s]   Policy CMP0009 is not set: FILE GLOB_RECURSE calls should not follow
[0.140s]   symlinks by default.  Run "cmake --help-policy CMP0009" for policy details.
[0.140s]   Use the cmake_policy command to set the policy and suppress this warning.
[0.140s] Call Stack (most recent call first):
[0.141s]   ament_cmake_symlink_install/ament_cmake_symlink_install.cmake:319 (ament_cmake_symlink_install_directory)
[0.141s]   cmake_install.cmake:46 (include)
[0.141s] This warning is for project developers.  Use -Wno-dev to suppress it.
[0.141s] [0m
[0.141s] -- Up-to-date symlink: /home/kkb007x/closed_chain_gripper/install/gripper_description/share/gripper_description/urdf/build/.built_by
[0.141s] -- Up-to-date symlink: /home/kkb007x/closed_chain_gripper/install/gripper_description/share/gripper_description/urdf/build/COLCON_IGNORE
[0.141s] -- Up-to-date symlink: /home/kkb007x/closed_chain_gripper/install/gripper_description/share/gripper_description/urdf/gripper_description.csv
[0.141s] -- Up-to-date symlink: /home/kkb007x/closed_chain_gripper/install/gripper_description/share/gripper_description/urdf/gripper_description.urdf.xacro
[0.141s] -- Up-to-date symlink: /home/kkb007x/closed_chain_gripper/install/gripper_description/share/gripper_description/urdf/install/.colcon_install_layout
[0.141s] -- Up-to-date symlink: /home/kkb007x/closed_chain_gripper/install/gripper_description/share/gripper_description/urdf/install/COLCON_IGNORE
[0.141s] -- Up-to-date symlink: /home/kkb007x/closed_chain_gripper/install/gripper_description/share/gripper_description/urdf/install/_local_setup_util_ps1.py
[0.141s] -- Up-to-date symlink: /home/kkb007x/closed_chain_gripper/install/gripper_description/share/gripper_description/urdf/install/_local_setup_util_sh.py
[0.142s] -- Up-to-date symlink: /home/kkb007x/closed_chain_gripper/install/gripper_description/share/gripper_description/urdf/install/local_setup.bash
[0.142s] -- Up-to-date symlink: /home/kkb007x/closed_chain_gripper/install/gripper_description/share/gripper_description/urdf/install/local_setup.ps1
[0.142s] -- Up-to-date symlink: /home/kkb007x/closed_chain_gripper/install/gripper_description/share/gripper_description/urdf/install/local_setup.sh
[0.142s] -- Up-to-date symlink: /home/kkb007x/closed_chain_gripper/install/gripper_description/share/gripper_description/urdf/install/local_setup.zsh
[0.142s] -- Up-to-date symlink: /home/kkb007x/closed_chain_gripper/install/gripper_description/share/gripper_description/urdf/install/setup.bash
[0.142s] -- Up-to-date symlink: /home/kkb007x/closed_chain_gripper/install/gripper_description/share/gripper_description/urdf/install/setup.ps1
[0.142s] -- Up-to-date symlink: /home/kkb007x/closed_chain_gripper/install/gripper_description/share/gripper_description/urdf/install/setup.sh
[0.142s] -- Up-to-date symlink: /home/kkb007x/closed_chain_gripper/install/gripper_description/share/gripper_description/urdf/install/setup.zsh
[0.142s] -- Up-to-date symlink: /home/kkb007x/closed_chain_gripper/install/gripper_description/share/gripper_description/urdf/log/COLCON_IGNORE
[0.143s] -- Up-to-date symlink: /home/kkb007x/closed_chain_gripper/install/gripper_description/share/gripper_description/urdf/log/build_2026-06-04_16-32-25/events.log
[0.143s] -- Up-to-date symlink: /home/kkb007x/closed_chain_gripper/install/gripper_description/share/gripper_description/urdf/log/build_2026-06-04_16-32-25/logger_all.log
[0.143s] -- Up-to-date symlink: /home/kkb007x/closed_chain_gripper/install/gripper_description/share/gripper_description/urdf/log/latest/events.log
[0.143s] -- Up-to-date symlink: /home/kkb007x/closed_chain_gripper/install/gripper_description/share/gripper_description/urdf/log/latest/logger_all.log
[0.143s] -- Up-to-date symlink: /home/kkb007x/closed_chain_gripper/install/gripper_description/share/gripper_description/urdf/log/latest_build/events.log
[0.144s] -- Up-to-date symlink: /home/kkb007x/closed_chain_gripper/install/gripper_description/share/gripper_description/urdf/log/latest_build/logger_all.log
[0.144s] -- Up-to-date symlink: /home/kkb007x/closed_chain_gripper/install/gripper_description/share/gripper_description/meshes/L0.STL
[0.145s] -- Up-to-date symlink: /home/kkb007x/closed_chain_gripper/install/gripper_description/share/gripper_description/meshes/L11.STL
[0.145s] -- Up-to-date symlink: /home/kkb007x/closed_chain_gripper/install/gripper_description/share/gripper_description/meshes/L12.STL
[0.145s] -- Up-to-date symlink: /home/kkb007x/closed_chain_gripper/install/gripper_description/share/gripper_description/meshes/L13.STL
[0.145s] -- Up-to-date symlink: /home/kkb007x/closed_chain_gripper/install/gripper_description/share/gripper_description/meshes/L14.STL
[0.145s] -- Up-to-date symlink: /home/kkb007x/closed_chain_gripper/install/gripper_description/share/gripper_description/meshes/L21.STL
[0.145s] -- Up-to-date symlink: /home/kkb007x/closed_chain_gripper/install/gripper_description/share/gripper_description/meshes/L22.STL
[0.145s] -- Up-to-date symlink: /home/kkb007x/closed_chain_gripper/install/gripper_description/share/gripper_description/meshes/L23.STL
[0.146s] -- Up-to-date symlink: /home/kkb007x/closed_chain_gripper/install/gripper_description/share/gripper_description/meshes/L31.STL
[0.146s] -- Up-to-date symlink: /home/kkb007x/closed_chain_gripper/install/gripper_description/share/gripper_description/meshes/L311.STL
[0.146s] -- Up-to-date symlink: /home/kkb007x/closed_chain_gripper/install/gripper_description/share/gripper_description/meshes/L312.STL
[0.146s] -- Up-to-date symlink: /home/kkb007x/closed_chain_gripper/install/gripper_description/share/gripper_description/meshes/R0.STL
[0.146s] -- Up-to-date symlink: /home/kkb007x/closed_chain_gripper/install/gripper_description/share/gripper_description/meshes/R11.STL
[0.146s] -- Up-to-date symlink: /home/kkb007x/closed_chain_gripper/install/gripper_description/share/gripper_description/meshes/R12.STL
[0.147s] -- Up-to-date symlink: /home/kkb007x/closed_chain_gripper/install/gripper_description/share/gripper_description/meshes/R13.STL
[0.147s] -- Up-to-date symlink: /home/kkb007x/closed_chain_gripper/install/gripper_description/share/gripper_description/meshes/R14.STL
[0.147s] -- Up-to-date symlink: /home/kkb007x/closed_chain_gripper/install/gripper_description/share/gripper_description/meshes/R21.STL
[0.147s] -- Up-to-date symlink: /home/kkb007x/closed_chain_gripper/install/gripper_description/share/gripper_description/meshes/R22.STL
[0.147s] -- Up-to-date symlink: /home/kkb007x/closed_chain_gripper/install/gripper_description/share/gripper_description/meshes/R23.STL
[0.147s] -- Up-to-date symlink: /home/kkb007x/closed_chain_gripper/install/gripper_description/share/gripper_description/meshes/R31.STL
[0.147s] -- Up-to-date symlink: /home/kkb007x/closed_chain_gripper/install/gripper_description/share/gripper_description/meshes/R311.STL
[0.148s] -- Up-to-date symlink: /home/kkb007x/closed_chain_gripper/install/gripper_description/share/gripper_description/meshes/R312.STL
[0.148s] -- Up-to-date symlink: /home/kkb007x/closed_chain_gripper/install/gripper_description/share/gripper_description/meshes/base_link.STL
[0.148s] -- Up-to-date symlink: /home/kkb007x/closed_chain_gripper/install/gripper_description/share/gripper_description/config/controllers.yaml
[0.148s] -- Up-to-date symlink: /home/kkb007x/closed_chain_gripper/install/gripper_description/share/gripper_description/config/joint_names_gripper_description.yaml
[0.149s] -- Up-to-date symlink: /home/kkb007x/closed_chain_gripper/install/gripper_description/share/ament_index/resource_index/package_run_dependencies/gripper_description
[0.149s] -- Up-to-date symlink: /home/kkb007x/closed_chain_gripper/install/gripper_description/share/ament_index/resource_index/parent_prefix_path/gripper_description
[0.149s] -- Up-to-date symlink: /home/kkb007x/closed_chain_gripper/install/gripper_description/share/gripper_description/environment/ament_prefix_path.sh
[0.149s] -- Up-to-date symlink: /home/kkb007x/closed_chain_gripper/install/gripper_description/share/gripper_description/environment/ament_prefix_path.dsv
[0.150s] -- Up-to-date symlink: /home/kkb007x/closed_chain_gripper/install/gripper_description/share/gripper_description/environment/path.sh
[0.150s] -- Up-to-date symlink: /home/kkb007x/closed_chain_gripper/install/gripper_description/share/gripper_description/environment/path.dsv
[0.150s] -- Up-to-date symlink: /home/kkb007x/closed_chain_gripper/install/gripper_description/share/gripper_description/local_setup.bash
[0.150s] -- Up-to-date symlink: /home/kkb007x/closed_chain_gripper/install/gripper_description/share/gripper_description/local_setup.sh
[0.151s] -- Up-to-date symlink: /home/kkb007x/closed_chain_gripper/install/gripper_description/share/gripper_description/local_setup.zsh
[0.151s] -- Up-to-date symlink: /home/kkb007x/closed_chain_gripper/install/gripper_description/share/gripper_description/local_setup.dsv
[0.151s] -- Symlinking: /home/kkb007x/closed_chain_gripper/install/gripper_description/share/gripper_description/package.dsv
[0.169s] -- Up-to-date symlink: /home/kkb007x/closed_chain_gripper/install/gripper_description/share/ament_index/resource_index/packages/gripper_description
[0.169s] -- Up-to-date symlink: /home/kkb007x/closed_chain_gripper/install/gripper_description/share/gripper_description/cmake/gripper_descriptionConfig.cmake
[0.169s] -- Up-to-date symlink: /home/kkb007x/closed_chain_gripper/install/gripper_description/share/gripper_description/cmake/gripper_descriptionConfig-version.cmake
[0.169s] -- Up-to-date symlink: /home/kkb007x/closed_chain_gripper/install/gripper_description/share/gripper_description/package.xml
[0.173s] Invoked command in '/home/kkb007x/closed_chain_gripper/build/gripper_description' returned '0': CMAKE_PREFIX_PATH=${CMAKE_PREFIX_PATH}:/opt/ros/jazzy DEBUGINFOD_URLS=https://debuginfod.ubuntu.com /usr/bin/cmake --install /home/kkb007x/closed_chain_gripper/build/gripper_description
