[01m[K/home/kkb007x/closed_chain_gripper/src/gripper_plugins/src/gripper_plugin.cpp:539:6:[m[K [01;31m[Kerror: [m[Kexpected ‘[01m[K;[m[K’ after class definition
  539 |     }
      |      [01;31m[K^[m[K
      |      [32m[K;[m[K
[01m[K/home/kkb007x/closed_chain_gripper/src/gripper_plugins/src/gripper_plugin.cpp:[m[K In member function ‘[01m[Kvirtual void gripper_plugins::SpringPlugin::[01;32m[KConfigure[m[K(const gz::sim::v8::Entity&, const std::shared_ptr<const sdf::v14::Element>&, gz::sim::v8::EntityComponentManager&, gz::sim::v8::EventManager&)[m[K’:
[01m[K/home/kkb007x/closed_chain_gripper/src/gripper_plugins/src/gripper_plugin.cpp:23:42:[m[K [01;35m[Kwarning: [m[Kunused parameter ‘[01m[Kecm[m[K’ [[01;35m[K]8;;https://gcc.gnu.org/onlinedocs/gcc/Warning-Options.html#index-Wunused-parameter-Wunused-parameter]8;;[m[K]
   23 |         [01;35m[Kgz::sim::EntityComponentManager &ecm[m[K,
      |         [01;35m[K~~~~~~~~~~~~~~~~~~~~~~~~~~~~~~~~~^~~[m[K
[01m[K/home/kkb007x/closed_chain_gripper/src/gripper_plugins/src/gripper_plugin.cpp:[m[K In member function ‘[01m[Kvirtual void gripper_plugins::SpringPlugin::[01;32m[KPreUpdate[m[K(const gz::sim::v8::UpdateInfo&, gz::sim::v8::EntityComponentManager&)[m[K’:
[01m[K/home/kkb007x/closed_chain_gripper/src/gripper_plugins/src/gripper_plugin.cpp:37:9:[m[K [01;31m[Kerror: [m[K‘[01m[Kcounter[m[K’ was not declared in this scope
   37 |         [01;31m[Kcounter[m[K++;
      |         [01;31m[K^~~~~~~[m[K
[01m[K/home/kkb007x/closed_chain_gripper/src/gripper_plugins/src/gripper_plugin.cpp:39:14:[m[K [01;31m[Kerror: [m[K‘[01m[KprintedLinks[m[K’ was not declared in this scope
   39 |         if (![01;31m[KprintedLinks[m[K)
      |              [01;31m[K^~~~~~~~~~~~[m[K
[01m[K/home/kkb007x/closed_chain_gripper/src/gripper_plugins/src/gripper_plugin.cpp:[m[K In lambda function:
[01m[K/home/kkb007x/closed_chain_gripper/src/gripper_plugins/src/gripper_plugin.cpp:49:21:[m[K [01;31m[Kerror: [m[K‘[01m[KR14Entity[m[K’ was not declared in this scope; did you mean ‘[01m[Kentity[m[K’?
   49 |                     [01;31m[KR14Entity[m[K = entity;
      |                     [01;31m[K^~~~~~~~~[m[K
      |                     [32m[Kentity[m[K
[01m[K/home/kkb007x/closed_chain_gripper/src/gripper_plugins/src/gripper_plugin.cpp:59:21:[m[K [01;31m[Kerror: [m[K‘[01m[KR23Entity[m[K’ was not declared in this scope; did you mean ‘[01m[Kentity[m[K’?
   59 |                     [01;31m[KR23Entity[m[K = entity;
      |                     [01;31m[K^~~~~~~~~[m[K
      |                     [32m[Kentity[m[K
[01m[K/home/kkb007x/closed_chain_gripper/src/gripper_plugins/src/gripper_plugin.cpp:69:21:[m[K [01;31m[Kerror: [m[K‘[01m[KR12Entity[m[K’ was not declared in this scope; did you mean ‘[01m[Kentity[m[K’?
   69 |                     [01;31m[KR12Entity[m[K = entity;
      |                     [01;31m[K^~~~~~~~~[m[K
      |                     [32m[Kentity[m[K
[01m[K/home/kkb007x/closed_chain_gripper/src/gripper_plugins/src/gripper_plugin.cpp:79:21:[m[K [01;31m[Kerror: [m[K‘[01m[KR22Entity[m[K’ was not declared in this scope; did you mean ‘[01m[Kentity[m[K’?
   79 |                     [01;31m[KR22Entity[m[K = entity;
      |                     [01;31m[K^~~~~~~~~[m[K
      |                     [32m[Kentity[m[K
[01m[K/home/kkb007x/closed_chain_gripper/src/gripper_plugins/src/gripper_plugin.cpp:89:21:[m[K [01;31m[Kerror: [m[K‘[01m[KR311Entity[m[K’ was not declared in this scope
   89 |                     [01;31m[KR311Entity[m[K = entity;
      |                     [01;31m[K^~~~~~~~~~[m[K
[01m[K/home/kkb007x/closed_chain_gripper/src/gripper_plugins/src/gripper_plugin.cpp:99:21:[m[K [01;31m[Kerror: [m[K‘[01m[KR312Entity[m[K’ was not declared in this scope
   99 |                     [01;31m[KR312Entity[m[K = entity;
      |                     [01;31m[K^~~~~~~~~~[m[K
[01m[K/home/kkb007x/closed_chain_gripper/src/gripper_plugins/src/gripper_plugin.cpp:109:21:[m[K [01;31m[Kerror: [m[K‘[01m[KL14Entity[m[K’ was not declared in this scope; did you mean ‘[01m[Kentity[m[K’?
  109 |                     [01;31m[KL14Entity[m[K = entity;
      |                     [01;31m[K^~~~~~~~~[m[K
      |                     [32m[Kentity[m[K
[01m[K/home/kkb007x/closed_chain_gripper/src/gripper_plugins/src/gripper_plugin.cpp:119:21:[m[K [01;31m[Kerror: [m[K‘[01m[KL23Entity[m[K’ was not declared in this scope; did you mean ‘[01m[Kentity[m[K’?
  119 |                     [01;31m[KL23Entity[m[K = entity;
      |                     [01;31m[K^~~~~~~~~[m[K
      |                     [32m[Kentity[m[K
[01m[K/home/kkb007x/closed_chain_gripper/src/gripper_plugins/src/gripper_plugin.cpp:129:21:[m[K [01;31m[Kerror: [m[K‘[01m[KL12Entity[m[K’ was not declared in this scope; did you mean ‘[01m[Kentity[m[K’?
  129 |                     [01;31m[KL12Entity[m[K = entity;
      |                     [01;31m[K^~~~~~~~~[m[K
      |                     [32m[Kentity[m[K
[01m[K/home/kkb007x/closed_chain_gripper/src/gripper_plugins/src/gripper_plugin.cpp:139:21:[m[K [01;31m[Kerror: [m[K‘[01m[KL22Entity[m[K’ was not declared in this scope; did you mean ‘[01m[Kentity[m[K’?
  139 |                     [01;31m[KL22Entity[m[K = entity;
      |                     [01;31m[K^~~~~~~~~[m[K
      |                     [32m[Kentity[m[K
[01m[K/home/kkb007x/closed_chain_gripper/src/gripper_plugins/src/gripper_plugin.cpp:149:21:[m[K [01;31m[Kerror: [m[K‘[01m[KL311Entity[m[K’ was not declared in this scope
  149 |                     [01;31m[KL311Entity[m[K = entity;
      |                     [01;31m[K^~~~~~~~~~[m[K
[01m[K/home/kkb007x/closed_chain_gripper/src/gripper_plugins/src/gripper_plugin.cpp:159:21:[m[K [01;31m[Kerror: [m[K‘[01m[KL312Entity[m[K’ was not declared in this scope
  159 |                     [01;31m[KL312Entity[m[K = entity;
      |                     [01;31m[K^~~~~~~~~~[m[K
[01m[K/home/kkb007x/closed_chain_gripper/src/gripper_plugins/src/gripper_plugin.cpp:168:21:[m[K [01;31m[Kerror: [m[K‘[01m[KR21Entity[m[K’ was not declared in this scope; did you mean ‘[01m[Kentity[m[K’?
  168 |                     [01;31m[KR21Entity[m[K = entity;
      |                     [01;31m[K^~~~~~~~~[m[K
      |                     [32m[Kentity[m[K
[01m[K/home/kkb007x/closed_chain_gripper/src/gripper_plugins/src/gripper_plugin.cpp:178:21:[m[K [01;31m[Kerror: [m[K‘[01m[KL21Entity[m[K’ was not declared in this scope; did you mean ‘[01m[Kentity[m[K’?
  178 |                     [01;31m[KL21Entity[m[K = entity;
      |                     [01;31m[K^~~~~~~~~[m[K
      |                     [32m[Kentity[m[K
[01m[K/home/kkb007x/closed_chain_gripper/src/gripper_plugins/src/gripper_plugin.cpp:[m[K In member function ‘[01m[Kvirtual void gripper_plugins::SpringPlugin::[01;32m[KPreUpdate[m[K(const gz::sim::v8::UpdateInfo&, gz::sim::v8::EntityComponentManager&)[m[K’:
[01m[K/home/kkb007x/closed_chain_gripper/src/gripper_plugins/src/gripper_plugin.cpp:194:13:[m[K [01;31m[Kerror: [m[K‘[01m[KR14Entity[m[K’ was not declared in this scope
  194 |         if ([01;31m[KR14Entity[m[K != gz::sim::kNullEntity &&
      |             [01;31m[K^~~~~~~~~[m[K
[01m[K/home/kkb007x/closed_chain_gripper/src/gripper_plugins/src/gripper_plugin.cpp:195:13:[m[K [01;31m[Kerror: [m[K‘[01m[KR23Entity[m[K’ was not declared in this scope
  195 |             [01;31m[KR23Entity[m[K != gz::sim::kNullEntity &&
      |             [01;31m[K^~~~~~~~~[m[K
[01m[K/home/kkb007x/closed_chain_gripper/src/gripper_plugins/src/gripper_plugin.cpp:196:13:[m[K [01;31m[Kerror: [m[K‘[01m[KR12Entity[m[K’ was not declared in this scope
  196 |             [01;31m[KR12Entity[m[K != gz::sim::kNullEntity &&
      |             [01;31m[K^~~~~~~~~[m[K
[01m[K/home/kkb007x/closed_chain_gripper/src/gripper_plugins/src/gripper_plugin.cpp:197:13:[m[K [01;31m[Kerror: [m[K‘[01m[KR22Entity[m[K’ was not declared in this scope
  197 |             [01;31m[KR22Entity[m[K != gz::sim::kNullEntity &&
      |             [01;31m[K^~~~~~~~~[m[K
[01m[K/home/kkb007x/closed_chain_gripper/src/gripper_plugins/src/gripper_plugin.cpp:198:13:[m[K [01;31m[Kerror: [m[K‘[01m[KR311Entity[m[K’ was not declared in this scope
  198 |             [01;31m[KR311Entity[m[K != gz::sim::kNullEntity &&
      |             [01;31m[K^~~~~~~~~~[m[K
[01m[K/home/kkb007x/closed_chain_gripper/src/gripper_plugins/src/gripper_plugin.cpp:199:13:[m[K [01;31m[Kerror: [m[K‘[01m[KR312Entity[m[K’ was not declared in this scope
  199 |             [01;31m[KR312Entity[m[K != gz::sim::kNullEntity &&
      |             [01;31m[K^~~~~~~~~~[m[K
[01m[K/home/kkb007x/closed_chain_gripper/src/gripper_plugins/src/gripper_plugin.cpp:200:13:[m[K [01;31m[Kerror: [m[K‘[01m[KL14Entity[m[K’ was not declared in this scope
  200 |             [01;31m[KL14Entity[m[K != gz::sim::kNullEntity &&
      |             [01;31m[K^~~~~~~~~[m[K
[01m[K/home/kkb007x/closed_chain_gripper/src/gripper_plugins/src/gripper_plugin.cpp:201:13:[m[K [01;31m[Kerror: [m[K‘[01m[KL23Entity[m[K’ was not declared in this scope
  201 |             [01;31m[KL23Entity[m[K != gz::sim::kNullEntity &&
      |             [01;31m[K^~~~~~~~~[m[K
[01m[K/home/kkb007x/closed_chain_gripper/src/gripper_plugins/src/gripper_plugin.cpp:202:13:[m[K [01;31m[Kerror: [m[K‘[01m[KL12Entity[m[K’ was not declared in this scope
  202 |             [01;31m[KL12Entity[m[K != gz::sim::kNullEntity &&
      |             [01;31m[K^~~~~~~~~[m[K
[01m[K/home/kkb007x/closed_chain_gripper/src/gripper_plugins/src/gripper_plugin.cpp:203:13:[m[K [01;31m[Kerror: [m[K‘[01m[KL22Entity[m[K’ was not declared in this scope
  203 |             [01;31m[KL22Entity[m[K != gz::sim::kNullEntity &&
      |             [01;31m[K^~~~~~~~~[m[K
[01m[K/home/kkb007x/closed_chain_gripper/src/gripper_plugins/src/gripper_plugin.cpp:204:13:[m[K [01;31m[Kerror: [m[K‘[01m[KL311Entity[m[K’ was not declared in this scope
  204 |             [01;31m[KL311Entity[m[K != gz::sim::kNullEntity &&
      |             [01;31m[K^~~~~~~~~~[m[K
[01m[K/home/kkb007x/closed_chain_gripper/src/gripper_plugins/src/gripper_plugin.cpp:205:13:[m[K [01;31m[Kerror: [m[K‘[01m[KL312Entity[m[K’ was not declared in this scope
  205 |             [01;31m[KL312Entity[m[K != gz::sim::kNullEntity &&
      |             [01;31m[K^~~~~~~~~~[m[K
[01m[K/home/kkb007x/closed_chain_gripper/src/gripper_plugins/src/gripper_plugin.cpp:206:13:[m[K [01;31m[Kerror: [m[K‘[01m[KR21Entity[m[K’ was not declared in this scope
  206 |             [01;31m[KR21Entity[m[K != gz::sim::kNullEntity &&
      |             [01;31m[K^~~~~~~~~[m[K
[01m[K/home/kkb007x/closed_chain_gripper/src/gripper_plugins/src/gripper_plugin.cpp:207:13:[m[K [01;31m[Kerror: [m[K‘[01m[KL21Entity[m[K’ was not declared in this scope
  207 |             [01;31m[KL21Entity[m[K != gz::sim::kNullEntity
      |             [01;31m[K^~~~~~~~~[m[K
[01m[K/home/kkb007x/closed_chain_gripper/src/gripper_plugins/src/gripper_plugin.cpp:[m[K At global scope:
[01m[K/home/kkb007x/closed_chain_gripper/src/gripper_plugins/src/gripper_plugin.cpp:540:1:[m[K [01;31m[Kerror: [m[Kexpected unqualified-id before ‘[01m[Kprivate[m[K’
  540 | [01;31m[Kprivate[m[K:
      | [01;31m[K^~~~~~~[m[K
[01m[K/home/kkb007x/closed_chain_gripper/src/gripper_plugins/src/gripper_plugin.cpp:573:1:[m[K [01;31m[Kerror: [m[Kexpected declaration before ‘[01m[K}[m[K’ token
  573 | [01;31m[K}[m[K
      | [01;31m[K^[m[K
gmake[2]: *** [CMakeFiles/gripper_plugin.dir/build.make:76: CMakeFiles/gripper_plugin.dir/src/gripper_plugin.cpp.o] Error 1
gmake[1]: *** [CMakeFiles/Makefile2:137: CMakeFiles/gripper_plugin.dir/all] Error 2
gmake: *** [Makefile:146: all] Error 2
