[0.011s] Invoking command in '/home/kkb007x/closed_chain_gripper/build/gripper_plugins': CMAKE_PREFIX_PATH=${CMAKE_PREFIX_PATH}:/opt/ros/jazzy DEBUGINFOD_URLS=https://debuginfod.ubuntu.com /usr/bin/cmake --build /home/kkb007x/closed_chain_gripper/build/gripper_plugins -- -j16 -l16
[0.059s] [ 50%] [32mBuilding CXX object CMakeFiles/gripper_plugin.dir/src/gripper_plugin.cpp.o[0m
[1.736s] [01m[K/home/kkb007x/closed_chain_gripper/src/gripper_plugins/src/gripper_plugin.cpp:539:6:[m[K [01;31m[Kerror: [m[Kexpected ‘[01m[K;[m[K’ after class definition
[1.737s]   539 |     }
[1.737s]       |      [01;31m[K^[m[K
[1.737s]       |      [32m[K;[m[K
[1.737s] [01m[K/home/kkb007x/closed_chain_gripper/src/gripper_plugins/src/gripper_plugin.cpp:[m[K In member function ‘[01m[Kvirtual void gripper_plugins::SpringPlugin::[01;32m[KConfigure[m[K(const gz::sim::v8::Entity&, const std::shared_ptr<const sdf::v14::Element>&, gz::sim::v8::EntityComponentManager&, gz::sim::v8::EventManager&)[m[K’:
[1.737s] [01m[K/home/kkb007x/closed_chain_gripper/src/gripper_plugins/src/gripper_plugin.cpp:23:42:[m[K [01;35m[Kwarning: [m[Kunused parameter ‘[01m[Kecm[m[K’ [[01;35m[K]8;;https://gcc.gnu.org/onlinedocs/gcc/Warning-Options.html#index-Wunused-parameter-Wunused-parameter]8;;[m[K]
[1.737s]    23 |         [01;35m[Kgz::sim::EntityComponentManager &ecm[m[K,
[1.737s]       |         [01;35m[K~~~~~~~~~~~~~~~~~~~~~~~~~~~~~~~~~^~~[m[K
[1.749s] [01m[K/home/kkb007x/closed_chain_gripper/src/gripper_plugins/src/gripper_plugin.cpp:[m[K In member function ‘[01m[Kvirtual void gripper_plugins::SpringPlugin::[01;32m[KPreUpdate[m[K(const gz::sim::v8::UpdateInfo&, gz::sim::v8::EntityComponentManager&)[m[K’:
[1.749s] [01m[K/home/kkb007x/closed_chain_gripper/src/gripper_plugins/src/gripper_plugin.cpp:37:9:[m[K [01;31m[Kerror: [m[K‘[01m[Kcounter[m[K’ was not declared in this scope
[1.749s]    37 |         [01;31m[Kcounter[m[K++;
[1.749s]       |         [01;31m[K^~~~~~~[m[K
[1.752s] [01m[K/home/kkb007x/closed_chain_gripper/src/gripper_plugins/src/gripper_plugin.cpp:39:14:[m[K [01;31m[Kerror: [m[K‘[01m[KprintedLinks[m[K’ was not declared in this scope
[1.752s]    39 |         if (![01;31m[KprintedLinks[m[K)
[1.752s]       |              [01;31m[K^~~~~~~~~~~~[m[K
[1.755s] [01m[K/home/kkb007x/closed_chain_gripper/src/gripper_plugins/src/gripper_plugin.cpp:[m[K In lambda function:
[1.755s] [01m[K/home/kkb007x/closed_chain_gripper/src/gripper_plugins/src/gripper_plugin.cpp:49:21:[m[K [01;31m[Kerror: [m[K‘[01m[KR14Entity[m[K’ was not declared in this scope; did you mean ‘[01m[Kentity[m[K’?
[1.755s]    49 |                     [01;31m[KR14Entity[m[K = entity;
[1.755s]       |                     [01;31m[K^~~~~~~~~[m[K
[1.756s]       |                     [32m[Kentity[m[K
[1.758s] [01m[K/home/kkb007x/closed_chain_gripper/src/gripper_plugins/src/gripper_plugin.cpp:59:21:[m[K [01;31m[Kerror: [m[K‘[01m[KR23Entity[m[K’ was not declared in this scope; did you mean ‘[01m[Kentity[m[K’?
[1.758s]    59 |                     [01;31m[KR23Entity[m[K = entity;
[1.758s]       |                     [01;31m[K^~~~~~~~~[m[K
[1.758s]       |                     [32m[Kentity[m[K
[1.760s] [01m[K/home/kkb007x/closed_chain_gripper/src/gripper_plugins/src/gripper_plugin.cpp:69:21:[m[K [01;31m[Kerror: [m[K‘[01m[KR12Entity[m[K’ was not declared in this scope; did you mean ‘[01m[Kentity[m[K’?
[1.760s]    69 |                     [01;31m[KR12Entity[m[K = entity;
[1.761s]       |                     [01;31m[K^~~~~~~~~[m[K
[1.761s]       |                     [32m[Kentity[m[K
[1.763s] [01m[K/home/kkb007x/closed_chain_gripper/src/gripper_plugins/src/gripper_plugin.cpp:79:21:[m[K [01;31m[Kerror: [m[K‘[01m[KR22Entity[m[K’ was not declared in this scope; did you mean ‘[01m[Kentity[m[K’?
[1.763s]    79 |                     [01;31m[KR22Entity[m[K = entity;
[1.763s]       |                     [01;31m[K^~~~~~~~~[m[K
[1.763s]       |                     [32m[Kentity[m[K
[1.765s] [01m[K/home/kkb007x/closed_chain_gripper/src/gripper_plugins/src/gripper_plugin.cpp:89:21:[m[K [01;31m[Kerror: [m[K‘[01m[KR311Entity[m[K’ was not declared in this scope
[1.765s]    89 |                     [01;31m[KR311Entity[m[K = entity;
[1.766s]       |                     [01;31m[K^~~~~~~~~~[m[K
[1.768s] [01m[K/home/kkb007x/closed_chain_gripper/src/gripper_plugins/src/gripper_plugin.cpp:99:21:[m[K [01;31m[Kerror: [m[K‘[01m[KR312Entity[m[K’ was not declared in this scope
[1.768s]    99 |                     [01;31m[KR312Entity[m[K = entity;
[1.768s]       |                     [01;31m[K^~~~~~~~~~[m[K
[1.770s] [01m[K/home/kkb007x/closed_chain_gripper/src/gripper_plugins/src/gripper_plugin.cpp:109:21:[m[K [01;31m[Kerror: [m[K‘[01m[KL14Entity[m[K’ was not declared in this scope; did you mean ‘[01m[Kentity[m[K’?
[1.770s]   109 |                     [01;31m[KL14Entity[m[K = entity;
[1.770s]       |                     [01;31m[K^~~~~~~~~[m[K
[1.770s]       |                     [32m[Kentity[m[K
[1.773s] [01m[K/home/kkb007x/closed_chain_gripper/src/gripper_plugins/src/gripper_plugin.cpp:119:21:[m[K [01;31m[Kerror: [m[K‘[01m[KL23Entity[m[K’ was not declared in this scope; did you mean ‘[01m[Kentity[m[K’?
[1.773s]   119 |                     [01;31m[KL23Entity[m[K = entity;
[1.773s]       |                     [01;31m[K^~~~~~~~~[m[K
[1.773s]       |                     [32m[Kentity[m[K
[1.775s] [01m[K/home/kkb007x/closed_chain_gripper/src/gripper_plugins/src/gripper_plugin.cpp:129:21:[m[K [01;31m[Kerror: [m[K‘[01m[KL12Entity[m[K’ was not declared in this scope; did you mean ‘[01m[Kentity[m[K’?
[1.775s]   129 |                     [01;31m[KL12Entity[m[K = entity;
[1.775s]       |                     [01;31m[K^~~~~~~~~[m[K
[1.776s]       |                     [32m[Kentity[m[K
[1.778s] [01m[K/home/kkb007x/closed_chain_gripper/src/gripper_plugins/src/gripper_plugin.cpp:139:21:[m[K [01;31m[Kerror: [m[K‘[01m[KL22Entity[m[K’ was not declared in this scope; did you mean ‘[01m[Kentity[m[K’?
[1.778s]   139 |                     [01;31m[KL22Entity[m[K = entity;
[1.778s]       |                     [01;31m[K^~~~~~~~~[m[K
[1.778s]       |                     [32m[Kentity[m[K
[1.780s] [01m[K/home/kkb007x/closed_chain_gripper/src/gripper_plugins/src/gripper_plugin.cpp:149:21:[m[K [01;31m[Kerror: [m[K‘[01m[KL311Entity[m[K’ was not declared in this scope
[1.780s]   149 |                     [01;31m[KL311Entity[m[K = entity;
[1.781s]       |                     [01;31m[K^~~~~~~~~~[m[K
[1.783s] [01m[K/home/kkb007x/closed_chain_gripper/src/gripper_plugins/src/gripper_plugin.cpp:159:21:[m[K [01;31m[Kerror: [m[K‘[01m[KL312Entity[m[K’ was not declared in this scope
[1.783s]   159 |                     [01;31m[KL312Entity[m[K = entity;
[1.783s]       |                     [01;31m[K^~~~~~~~~~[m[K
[1.785s] [01m[K/home/kkb007x/closed_chain_gripper/src/gripper_plugins/src/gripper_plugin.cpp:168:21:[m[K [01;31m[Kerror: [m[K‘[01m[KR21Entity[m[K’ was not declared in this scope; did you mean ‘[01m[Kentity[m[K’?
[1.785s]   168 |                     [01;31m[KR21Entity[m[K = entity;
[1.786s]       |                     [01;31m[K^~~~~~~~~[m[K
[1.786s]       |                     [32m[Kentity[m[K
[1.788s] [01m[K/home/kkb007x/closed_chain_gripper/src/gripper_plugins/src/gripper_plugin.cpp:178:21:[m[K [01;31m[Kerror: [m[K‘[01m[KL21Entity[m[K’ was not declared in this scope; did you mean ‘[01m[Kentity[m[K’?
[1.788s]   178 |                     [01;31m[KL21Entity[m[K = entity;
[1.788s]       |                     [01;31m[K^~~~~~~~~[m[K
[1.788s]       |                     [32m[Kentity[m[K
[1.792s] [01m[K/home/kkb007x/closed_chain_gripper/src/gripper_plugins/src/gripper_plugin.cpp:[m[K In member function ‘[01m[Kvirtual void gripper_plugins::SpringPlugin::[01;32m[KPreUpdate[m[K(const gz::sim::v8::UpdateInfo&, gz::sim::v8::EntityComponentManager&)[m[K’:
[1.792s] [01m[K/home/kkb007x/closed_chain_gripper/src/gripper_plugins/src/gripper_plugin.cpp:194:13:[m[K [01;31m[Kerror: [m[K‘[01m[KR14Entity[m[K’ was not declared in this scope
[1.793s]   194 |         if ([01;31m[KR14Entity[m[K != gz::sim::kNullEntity &&
[1.793s]       |             [01;31m[K^~~~~~~~~[m[K
[1.795s] [01m[K/home/kkb007x/closed_chain_gripper/src/gripper_plugins/src/gripper_plugin.cpp:195:13:[m[K [01;31m[Kerror: [m[K‘[01m[KR23Entity[m[K’ was not declared in this scope
[1.795s]   195 |             [01;31m[KR23Entity[m[K != gz::sim::kNullEntity &&
[1.795s]       |             [01;31m[K^~~~~~~~~[m[K
[1.797s] [01m[K/home/kkb007x/closed_chain_gripper/src/gripper_plugins/src/gripper_plugin.cpp:196:13:[m[K [01;31m[Kerror: [m[K‘[01m[KR12Entity[m[K’ was not declared in this scope
[1.797s]   196 |             [01;31m[KR12Entity[m[K != gz::sim::kNullEntity &&
[1.797s]       |             [01;31m[K^~~~~~~~~[m[K
[1.800s] [01m[K/home/kkb007x/closed_chain_gripper/src/gripper_plugins/src/gripper_plugin.cpp:197:13:[m[K [01;31m[Kerror: [m[K‘[01m[KR22Entity[m[K’ was not declared in this scope
[1.800s]   197 |             [01;31m[KR22Entity[m[K != gz::sim::kNullEntity &&
[1.800s]       |             [01;31m[K^~~~~~~~~[m[K
[1.803s] [01m[K/home/kkb007x/closed_chain_gripper/src/gripper_plugins/src/gripper_plugin.cpp:198:13:[m[K [01;31m[Kerror: [m[K‘[01m[KR311Entity[m[K’ was not declared in this scope
[1.804s]   198 |             [01;31m[KR311Entity[m[K != gz::sim::kNullEntity &&
[1.804s]       |             [01;31m[K^~~~~~~~~~[m[K
[1.808s] [01m[K/home/kkb007x/closed_chain_gripper/src/gripper_plugins/src/gripper_plugin.cpp:199:13:[m[K [01;31m[Kerror: [m[K‘[01m[KR312Entity[m[K’ was not declared in this scope
[1.809s]   199 |             [01;31m[KR312Entity[m[K != gz::sim::kNullEntity &&
[1.809s]       |             [01;31m[K^~~~~~~~~~[m[K
[1.812s] [01m[K/home/kkb007x/closed_chain_gripper/src/gripper_plugins/src/gripper_plugin.cpp:200:13:[m[K [01;31m[Kerror: [m[K‘[01m[KL14Entity[m[K’ was not declared in this scope
[1.812s]   200 |             [01;31m[KL14Entity[m[K != gz::sim::kNullEntity &&
[1.812s]       |             [01;31m[K^~~~~~~~~[m[K
[1.814s] [01m[K/home/kkb007x/closed_chain_gripper/src/gripper_plugins/src/gripper_plugin.cpp:201:13:[m[K [01;31m[Kerror: [m[K‘[01m[KL23Entity[m[K’ was not declared in this scope
[1.815s]   201 |             [01;31m[KL23Entity[m[K != gz::sim::kNullEntity &&
[1.815s]       |             [01;31m[K^~~~~~~~~[m[K
[1.817s] [01m[K/home/kkb007x/closed_chain_gripper/src/gripper_plugins/src/gripper_plugin.cpp:202:13:[m[K [01;31m[Kerror: [m[K‘[01m[KL12Entity[m[K’ was not declared in this scope
[1.817s]   202 |             [01;31m[KL12Entity[m[K != gz::sim::kNullEntity &&
[1.817s]       |             [01;31m[K^~~~~~~~~[m[K
[1.820s] [01m[K/home/kkb007x/closed_chain_gripper/src/gripper_plugins/src/gripper_plugin.cpp:203:13:[m[K [01;31m[Kerror: [m[K‘[01m[KL22Entity[m[K’ was not declared in this scope
[1.820s]   203 |             [01;31m[KL22Entity[m[K != gz::sim::kNullEntity &&
[1.820s]       |             [01;31m[K^~~~~~~~~[m[K
[1.823s] [01m[K/home/kkb007x/closed_chain_gripper/src/gripper_plugins/src/gripper_plugin.cpp:204:13:[m[K [01;31m[Kerror: [m[K‘[01m[KL311Entity[m[K’ was not declared in this scope
[1.823s]   204 |             [01;31m[KL311Entity[m[K != gz::sim::kNullEntity &&
[1.823s]       |             [01;31m[K^~~~~~~~~~[m[K
[1.825s] [01m[K/home/kkb007x/closed_chain_gripper/src/gripper_plugins/src/gripper_plugin.cpp:205:13:[m[K [01;31m[Kerror: [m[K‘[01m[KL312Entity[m[K’ was not declared in this scope
[1.825s]   205 |             [01;31m[KL312Entity[m[K != gz::sim::kNullEntity &&
[1.825s]       |             [01;31m[K^~~~~~~~~~[m[K
[1.828s] [01m[K/home/kkb007x/closed_chain_gripper/src/gripper_plugins/src/gripper_plugin.cpp:206:13:[m[K [01;31m[Kerror: [m[K‘[01m[KR21Entity[m[K’ was not declared in this scope
[1.828s]   206 |             [01;31m[KR21Entity[m[K != gz::sim::kNullEntity &&
[1.828s]       |             [01;31m[K^~~~~~~~~[m[K
[1.830s] [01m[K/home/kkb007x/closed_chain_gripper/src/gripper_plugins/src/gripper_plugin.cpp:207:13:[m[K [01;31m[Kerror: [m[K‘[01m[KL21Entity[m[K’ was not declared in this scope
[1.830s]   207 |             [01;31m[KL21Entity[m[K != gz::sim::kNullEntity
[1.830s]       |             [01;31m[K^~~~~~~~~[m[K
[1.832s] [01m[K/home/kkb007x/closed_chain_gripper/src/gripper_plugins/src/gripper_plugin.cpp:[m[K At global scope:
[1.833s] [01m[K/home/kkb007x/closed_chain_gripper/src/gripper_plugins/src/gripper_plugin.cpp:540:1:[m[K [01;31m[Kerror: [m[Kexpected unqualified-id before ‘[01m[Kprivate[m[K’
[1.833s]   540 | [01;31m[Kprivate[m[K:
[1.833s]       | [01;31m[K^~~~~~~[m[K
[1.833s] [01m[K/home/kkb007x/closed_chain_gripper/src/gripper_plugins/src/gripper_plugin.cpp:573:1:[m[K [01;31m[Kerror: [m[Kexpected declaration before ‘[01m[K}[m[K’ token
[1.833s]   573 | [01;31m[K}[m[K
[1.833s]       | [01;31m[K^[m[K
[2.283s] gmake[2]: *** [CMakeFiles/gripper_plugin.dir/build.make:76: CMakeFiles/gripper_plugin.dir/src/gripper_plugin.cpp.o] Error 1
[2.283s] gmake[1]: *** [CMakeFiles/Makefile2:137: CMakeFiles/gripper_plugin.dir/all] Error 2
[2.284s] gmake: *** [Makefile:146: all] Error 2
[2.287s] Invoked command in '/home/kkb007x/closed_chain_gripper/build/gripper_plugins' returned '2': CMAKE_PREFIX_PATH=${CMAKE_PREFIX_PATH}:/opt/ros/jazzy DEBUGINFOD_URLS=https://debuginfod.ubuntu.com /usr/bin/cmake --build /home/kkb007x/closed_chain_gripper/build/gripper_plugins -- -j16 -l16
