-- The C compiler identification is GNU 13.3.0
-- The CXX compiler identification is GNU 13.3.0
-- Detecting C compiler ABI info
-- Detecting C compiler ABI info - done
-- Check for working C compiler: /usr/bin/cc - skipped
-- Detecting C compile features
-- Detecting C compile features - done
-- Detecting CXX compiler ABI info
-- Detecting CXX compiler ABI info - done
-- Check for working CXX compiler: /usr/bin/c++ - skipped
-- Detecting CXX compile features
-- Detecting CXX compile features - done
-- Found ament_cmake: 2.5.6 (/opt/ros/jazzy/share/ament_cmake/cmake)
-- Found Python3: /usr/bin/python3 (found version "3.12.3") found components: Interpreter 
-- Override CMake install command with custom implementation using symlinks instead of copying resources
-- Found ament_lint_auto: 0.17.5 (/opt/ros/jazzy/share/ament_lint_auto/cmake)
-- Added test 'flake8' to check Python code syntax and style conventions
-- Configured 'flake8' exclude dirs and/or files: 
-- Added test 'lint_cmake' to check CMake code style
-- Added test 'pep257' to check Python code against some of the docstring style conventions in PEP 257
-- Added test 'xmllint' to check XML markup files
-- Configuring done (0.7s)
-- Generating done (0.0s)
-- Build files have been written to: /home/kkb007x/closed_chain_gripper/build/gripper_description
-- Install configuration: ""
-- Execute custom install script
-- Symlinking: /home/kkb007x/closed_chain_gripper/install/gripper_description/share/gripper_description/launch/display.launch
-- Symlinking: /home/kkb007x/closed_chain_gripper/install/gripper_description/share/gripper_description/launch/display.launch.py
-- Symlinking: /home/kkb007x/closed_chain_gripper/install/gripper_description/share/gripper_description/launch/gazebo.launch
-- Symlinking: /home/kkb007x/closed_chain_gripper/install/gripper_description/share/gripper_description/urdf/build/.built_by
-- Symlinking: /home/kkb007x/closed_chain_gripper/install/gripper_description/share/gripper_description/urdf/build/COLCON_IGNORE
-- Symlinking: /home/kkb007x/closed_chain_gripper/install/gripper_description/share/gripper_description/urdf/gripper_description.csv
-- Symlinking: /home/kkb007x/closed_chain_gripper/install/gripper_description/share/gripper_description/urdf/gripper_description.urdf
-- Symlinking: /home/kkb007x/closed_chain_gripper/install/gripper_description/share/gripper_description/urdf/install/.colcon_install_layout
-- Symlinking: /home/kkb007x/closed_chain_gripper/install/gripper_description/share/gripper_description/urdf/install/COLCON_IGNORE
-- Symlinking: /home/kkb007x/closed_chain_gripper/install/gripper_description/share/gripper_description/urdf/install/_local_setup_util_ps1.py
-- Symlinking: /home/kkb007x/closed_chain_gripper/install/gripper_description/share/gripper_description/urdf/install/_local_setup_util_sh.py
-- Symlinking: /home/kkb007x/closed_chain_gripper/install/gripper_description/share/gripper_description/urdf/install/local_setup.bash
-- Symlinking: /home/kkb007x/closed_chain_gripper/install/gripper_description/share/gripper_description/urdf/install/local_setup.ps1
-- Symlinking: /home/kkb007x/closed_chain_gripper/install/gripper_description/share/gripper_description/urdf/install/local_setup.sh
-- Symlinking: /home/kkb007x/closed_chain_gripper/install/gripper_description/share/gripper_description/urdf/install/local_setup.zsh
-- Symlinking: /home/kkb007x/closed_chain_gripper/install/gripper_description/share/gripper_description/urdf/install/setup.bash
-- Symlinking: /home/kkb007x/closed_chain_gripper/install/gripper_description/share/gripper_description/urdf/install/setup.ps1
-- Symlinking: /home/kkb007x/closed_chain_gripper/install/gripper_description/share/gripper_description/urdf/install/setup.sh
-- Symlinking: /home/kkb007x/closed_chain_gripper/install/gripper_description/share/gripper_description/urdf/install/setup.zsh
-- Symlinking: /home/kkb007x/closed_chain_gripper/install/gripper_description/share/gripper_description/urdf/log/COLCON_IGNORE
-- Symlinking: /home/kkb007x/closed_chain_gripper/install/gripper_description/share/gripper_description/urdf/log/build_2026-06-04_16-32-25/events.log
-- Symlinking: /home/kkb007x/closed_chain_gripper/install/gripper_description/share/gripper_description/urdf/log/build_2026-06-04_16-32-25/logger_all.log
-- Symlinking: /home/kkb007x/closed_chain_gripper/install/gripper_description/share/gripper_description/urdf/log/latest/events.log
-- Symlinking: /home/kkb007x/closed_chain_gripper/install/gripper_description/share/gripper_description/urdf/log/latest/logger_all.log
-- Symlinking: /home/kkb007x/closed_chain_gripper/install/gripper_description/share/gripper_description/urdf/log/latest_build/events.log
-- Symlinking: /home/kkb007x/closed_chain_gripper/install/gripper_description/share/gripper_description/urdf/log/latest_build/logger_all.log
-- Symlinking: /home/kkb007x/closed_chain_gripper/install/gripper_description/share/gripper_description/meshes/L0.STL
-- Symlinking: /home/kkb007x/closed_chain_gripper/install/gripper_description/share/gripper_description/meshes/L11.STL
-- Symlinking: /home/kkb007x/closed_chain_gripper/install/gripper_description/share/gripper_description/meshes/L12.STL
-- Symlinking: /home/kkb007x/closed_chain_gripper/install/gripper_description/share/gripper_description/meshes/L13.STL
-- Symlinking: /home/kkb007x/closed_chain_gripper/install/gripper_description/share/gripper_description/meshes/L14.STL
-- Symlinking: /home/kkb007x/closed_chain_gripper/install/gripper_description/share/gripper_description/meshes/L21.STL
-- Symlinking: /home/kkb007x/closed_chain_gripper/install/gripper_description/share/gripper_description/meshes/L22.STL
-- Symlinking: /home/kkb007x/closed_chain_gripper/install/gripper_description/share/gripper_description/meshes/L23.STL
-- Symlinking: /home/kkb007x/closed_chain_gripper/install/gripper_description/share/gripper_description/meshes/L31.STL
-- Symlinking: /home/kkb007x/closed_chain_gripper/install/gripper_description/share/gripper_description/meshes/L311.STL
-- Symlinking: /home/kkb007x/closed_chain_gripper/install/gripper_description/share/gripper_description/meshes/L312.STL
-- Symlinking: /home/kkb007x/closed_chain_gripper/install/gripper_description/share/gripper_description/meshes/R0.STL
-- Symlinking: /home/kkb007x/closed_chain_gripper/install/gripper_description/share/gripper_description/meshes/R11.STL
-- Symlinking: /home/kkb007x/closed_chain_gripper/install/gripper_description/share/gripper_description/meshes/R12.STL
-- Symlinking: /home/kkb007x/closed_chain_gripper/install/gripper_description/share/gripper_description/meshes/R13.STL
-- Symlinking: /home/kkb007x/closed_chain_gripper/install/gripper_description/share/gripper_description/meshes/R14.STL
-- Symlinking: /home/kkb007x/closed_chain_gripper/install/gripper_description/share/gripper_description/meshes/R21.STL
-- Symlinking: /home/kkb007x/closed_chain_gripper/install/gripper_description/share/gripper_description/meshes/R22.STL
-- Symlinking: /home/kkb007x/closed_chain_gripper/install/gripper_description/share/gripper_description/meshes/R23.STL
-- Symlinking: /home/kkb007x/closed_chain_gripper/install/gripper_description/share/gripper_description/meshes/R31.STL
-- Symlinking: /home/kkb007x/closed_chain_gripper/install/gripper_description/share/gripper_description/meshes/R311.STL
-- Symlinking: /home/kkb007x/closed_chain_gripper/install/gripper_description/share/gripper_description/meshes/R312.STL
-- Symlinking: /home/kkb007x/closed_chain_gripper/install/gripper_description/share/gripper_description/meshes/base_link.STL
-- Symlinking: /home/kkb007x/closed_chain_gripper/install/gripper_description/share/gripper_description/config/joint_names_gripper_description.yaml
-- Symlinking: /home/kkb007x/closed_chain_gripper/install/gripper_description/share/ament_index/resource_index/package_run_dependencies/gripper_description
-- Symlinking: /home/kkb007x/closed_chain_gripper/install/gripper_description/share/ament_index/resource_index/parent_prefix_path/gripper_description
-- Symlinking: /home/kkb007x/closed_chain_gripper/install/gripper_description/share/gripper_description/environment/ament_prefix_path.sh
-- Symlinking: /home/kkb007x/closed_chain_gripper/install/gripper_description/share/gripper_description/environment/ament_prefix_path.dsv
-- Symlinking: /home/kkb007x/closed_chain_gripper/install/gripper_description/share/gripper_description/environment/path.sh
-- Symlinking: /home/kkb007x/closed_chain_gripper/install/gripper_description/share/gripper_description/environment/path.dsv
-- Symlinking: /home/kkb007x/closed_chain_gripper/install/gripper_description/share/gripper_description/local_setup.bash
-- Symlinking: /home/kkb007x/closed_chain_gripper/install/gripper_description/share/gripper_description/local_setup.sh
-- Symlinking: /home/kkb007x/closed_chain_gripper/install/gripper_description/share/gripper_description/local_setup.zsh
-- Symlinking: /home/kkb007x/closed_chain_gripper/install/gripper_description/share/gripper_description/local_setup.dsv
-- Symlinking: /home/kkb007x/closed_chain_gripper/install/gripper_description/share/gripper_description/package.dsv
-- Symlinking: /home/kkb007x/closed_chain_gripper/install/gripper_description/share/ament_index/resource_index/packages/gripper_description
-- Symlinking: /home/kkb007x/closed_chain_gripper/install/gripper_description/share/gripper_description/cmake/gripper_descriptionConfig.cmake
-- Symlinking: /home/kkb007x/closed_chain_gripper/install/gripper_description/share/gripper_description/cmake/gripper_descriptionConfig-version.cmake
-- Symlinking: /home/kkb007x/closed_chain_gripper/install/gripper_description/share/gripper_description/package.xml
