[0.010s] Invoking command in '/home/kkb007x/closed_chain_gripper/build/gripper_description': CMAKE_PREFIX_PATH=${CMAKE_PREFIX_PATH}:/opt/ros/jazzy DEBUGINFOD_URLS=https://debuginfod.ubuntu.com /usr/bin/cmake /home/kkb007x/closed_chain_gripper/src/gripper_description -DAMENT_CMAKE_SYMLINK_INSTALL=1 -DCMAKE_INSTALL_PREFIX=/home/kkb007x/closed_chain_gripper/install/gripper_description
[0.099s] -- The C compiler identification is GNU 13.3.0
[0.184s] -- The CXX compiler identification is GNU 13.3.0
[0.203s] -- Detecting C compiler ABI info
[0.286s] -- Detecting C compiler ABI info - done
[0.292s] -- Check for working C compiler: /usr/bin/cc - skipped
[0.292s] -- Detecting C compile features
[0.292s] -- Detecting C compile features - done
[0.301s] -- Detecting CXX compiler ABI info
[0.386s] -- Detecting CXX compiler ABI info - done
[0.391s] -- Check for working CXX compiler: /usr/bin/c++ - skipped
[0.392s] -- Detecting CXX compile features
[0.392s] -- Detecting CXX compile features - done
[0.397s] -- Found ament_cmake: 2.5.6 (/opt/ros/jazzy/share/ament_cmake/cmake)
[0.519s] -- Found Python3: /usr/bin/python3 (found version "3.12.3") found components: Interpreter 
[0.568s] -- Override CMake install command with custom implementation using symlinks instead of copying resources
[0.619s] -- Found ament_lint_auto: 0.17.5 (/opt/ros/jazzy/share/ament_lint_auto/cmake)
[0.704s] -- Added test 'flake8' to check Python code syntax and style conventions
[0.704s] -- Configured 'flake8' exclude dirs and/or files: 
[0.705s] -- Added test 'lint_cmake' to check CMake code style
[0.706s] -- Added test 'pep257' to check Python code against some of the docstring style conventions in PEP 257
[0.710s] -- Added test 'xmllint' to check XML markup files
[0.712s] -- Configuring done (0.7s)
[0.715s] -- Generating done (0.0s)
[0.718s] -- Build files have been written to: /home/kkb007x/closed_chain_gripper/build/gripper_description
[0.724s] Invoked command in '/home/kkb007x/closed_chain_gripper/build/gripper_description' returned '0': CMAKE_PREFIX_PATH=${CMAKE_PREFIX_PATH}:/opt/ros/jazzy DEBUGINFOD_URLS=https://debuginfod.ubuntu.com /usr/bin/cmake /home/kkb007x/closed_chain_gripper/src/gripper_description -DAMENT_CMAKE_SYMLINK_INSTALL=1 -DCMAKE_INSTALL_PREFIX=/home/kkb007x/closed_chain_gripper/install/gripper_description
[0.724s] Invoking command in '/home/kkb007x/closed_chain_gripper/build/gripper_description': CMAKE_PREFIX_PATH=${CMAKE_PREFIX_PATH}:/opt/ros/jazzy DEBUGINFOD_URLS=https://debuginfod.ubuntu.com /usr/bin/cmake --build /home/kkb007x/closed_chain_gripper/build/gripper_description -- -j16 -l16
[0.774s] Invoked command in '/home/kkb007x/closed_chain_gripper/build/gripper_description' returned '0': CMAKE_PREFIX_PATH=${CMAKE_PREFIX_PATH}:/opt/ros/jazzy DEBUGINFOD_URLS=https://debuginfod.ubuntu.com /usr/bin/cmake --build /home/kkb007x/closed_chain_gripper/build/gripper_description -- -j16 -l16
[0.775s] Invoking command in '/home/kkb007x/closed_chain_gripper/build/gripper_description': CMAKE_PREFIX_PATH=${CMAKE_PREFIX_PATH}:/opt/ros/jazzy DEBUGINFOD_URLS=https://debuginfod.ubuntu.com /usr/bin/cmake --install /home/kkb007x/closed_chain_gripper/build/gripper_description
[0.782s] -- Install configuration: ""
[0.782s] -- Execute custom install script
[0.782s] -- Symlinking: /home/kkb007x/closed_chain_gripper/install/gripper_description/share/gripper_description/launch/display.launch
[0.790s] -- Symlinking: /home/kkb007x/closed_chain_gripper/install/gripper_description/share/gripper_description/launch/display.launch.py
[0.798s] -- Symlinking: /home/kkb007x/closed_chain_gripper/install/gripper_description/share/gripper_description/launch/gazebo.launch
[0.812s] [33mCMake Warning (dev) at ament_cmake_symlink_install/ament_cmake_symlink_install.cmake:67 (file):
[0.812s]   Policy CMP0009 is not set: FILE GLOB_RECURSE calls should not follow
[0.812s]   symlinks by default.  Run "cmake --help-policy CMP0009" for policy details.
[0.812s]   Use the cmake_policy command to set the policy and suppress this warning.
[0.812s] Call Stack (most recent call first):
[0.812s]   ament_cmake_symlink_install/ament_cmake_symlink_install.cmake:319 (ament_cmake_symlink_install_directory)
[0.812s]   cmake_install.cmake:46 (include)
[0.812s] This warning is for project developers.  Use -Wno-dev to suppress it.
[0.812s] [0m
[0.812s] -- Symlinking: /home/kkb007x/closed_chain_gripper/install/gripper_description/share/gripper_description/urdf/build/.built_by
[0.820s] -- Symlinking: /home/kkb007x/closed_chain_gripper/install/gripper_description/share/gripper_description/urdf/build/COLCON_IGNORE
[0.830s] -- Symlinking: /home/kkb007x/closed_chain_gripper/install/gripper_description/share/gripper_description/urdf/gripper_description.csv
[0.840s] -- Symlinking: /home/kkb007x/closed_chain_gripper/install/gripper_description/share/gripper_description/urdf/gripper_description.urdf
[0.848s] -- Symlinking: /home/kkb007x/closed_chain_gripper/install/gripper_description/share/gripper_description/urdf/install/.colcon_install_layout
[0.856s] -- Symlinking: /home/kkb007x/closed_chain_gripper/install/gripper_description/share/gripper_description/urdf/install/COLCON_IGNORE
[0.866s] -- Symlinking: /home/kkb007x/closed_chain_gripper/install/gripper_description/share/gripper_description/urdf/install/_local_setup_util_ps1.py
[0.875s] -- Symlinking: /home/kkb007x/closed_chain_gripper/install/gripper_description/share/gripper_description/urdf/install/_local_setup_util_sh.py
[0.884s] -- Symlinking: /home/kkb007x/closed_chain_gripper/install/gripper_description/share/gripper_description/urdf/install/local_setup.bash
[0.892s] -- Symlinking: /home/kkb007x/closed_chain_gripper/install/gripper_description/share/gripper_description/urdf/install/local_setup.ps1
[0.900s] -- Symlinking: /home/kkb007x/closed_chain_gripper/install/gripper_description/share/gripper_description/urdf/install/local_setup.sh
[0.913s] -- Symlinking: /home/kkb007x/closed_chain_gripper/install/gripper_description/share/gripper_description/urdf/install/local_setup.zsh
[0.922s] -- Symlinking: /home/kkb007x/closed_chain_gripper/install/gripper_description/share/gripper_description/urdf/install/setup.bash
[0.931s] -- Symlinking: /home/kkb007x/closed_chain_gripper/install/gripper_description/share/gripper_description/urdf/install/setup.ps1
[0.943s] -- Symlinking: /home/kkb007x/closed_chain_gripper/install/gripper_description/share/gripper_description/urdf/install/setup.sh
[0.953s] -- Symlinking: /home/kkb007x/closed_chain_gripper/install/gripper_description/share/gripper_description/urdf/install/setup.zsh
[0.962s] -- Symlinking: /home/kkb007x/closed_chain_gripper/install/gripper_description/share/gripper_description/urdf/log/COLCON_IGNORE
[0.970s] -- Symlinking: /home/kkb007x/closed_chain_gripper/install/gripper_description/share/gripper_description/urdf/log/build_2026-06-04_16-32-25/events.log
[0.981s] -- Symlinking: /home/kkb007x/closed_chain_gripper/install/gripper_description/share/gripper_description/urdf/log/build_2026-06-04_16-32-25/logger_all.log
[0.989s] -- Symlinking: /home/kkb007x/closed_chain_gripper/install/gripper_description/share/gripper_description/urdf/log/latest/events.log
[0.999s] -- Symlinking: /home/kkb007x/closed_chain_gripper/install/gripper_description/share/gripper_description/urdf/log/latest/logger_all.log
[1.011s] -- Symlinking: /home/kkb007x/closed_chain_gripper/install/gripper_description/share/gripper_description/urdf/log/latest_build/events.log
[1.021s] -- Symlinking: /home/kkb007x/closed_chain_gripper/install/gripper_description/share/gripper_description/urdf/log/latest_build/logger_all.log
[1.031s] -- Symlinking: /home/kkb007x/closed_chain_gripper/install/gripper_description/share/gripper_description/meshes/L0.STL
[1.039s] -- Symlinking: /home/kkb007x/closed_chain_gripper/install/gripper_description/share/gripper_description/meshes/L11.STL
[1.047s] -- Symlinking: /home/kkb007x/closed_chain_gripper/install/gripper_description/share/gripper_description/meshes/L12.STL
[1.056s] -- Symlinking: /home/kkb007x/closed_chain_gripper/install/gripper_description/share/gripper_description/meshes/L13.STL
[1.065s] -- Symlinking: /home/kkb007x/closed_chain_gripper/install/gripper_description/share/gripper_description/meshes/L14.STL
[1.074s] -- Symlinking: /home/kkb007x/closed_chain_gripper/install/gripper_description/share/gripper_description/meshes/L21.STL
[1.083s] -- Symlinking: /home/kkb007x/closed_chain_gripper/install/gripper_description/share/gripper_description/meshes/L22.STL
[1.093s] -- Symlinking: /home/kkb007x/closed_chain_gripper/install/gripper_description/share/gripper_description/meshes/L23.STL
[1.101s] -- Symlinking: /home/kkb007x/closed_chain_gripper/install/gripper_description/share/gripper_description/meshes/L31.STL
[1.115s] -- Symlinking: /home/kkb007x/closed_chain_gripper/install/gripper_description/share/gripper_description/meshes/L311.STL
[1.125s] -- Symlinking: /home/kkb007x/closed_chain_gripper/install/gripper_description/share/gripper_description/meshes/L312.STL
[1.133s] -- Symlinking: /home/kkb007x/closed_chain_gripper/install/gripper_description/share/gripper_description/meshes/R0.STL
[1.142s] -- Symlinking: /home/kkb007x/closed_chain_gripper/install/gripper_description/share/gripper_description/meshes/R11.STL
[1.151s] -- Symlinking: /home/kkb007x/closed_chain_gripper/install/gripper_description/share/gripper_description/meshes/R12.STL
[1.160s] -- Symlinking: /home/kkb007x/closed_chain_gripper/install/gripper_description/share/gripper_description/meshes/R13.STL
[1.167s] -- Symlinking: /home/kkb007x/closed_chain_gripper/install/gripper_description/share/gripper_description/meshes/R14.STL
[1.176s] -- Symlinking: /home/kkb007x/closed_chain_gripper/install/gripper_description/share/gripper_description/meshes/R21.STL
[1.184s] -- Symlinking: /home/kkb007x/closed_chain_gripper/install/gripper_description/share/gripper_description/meshes/R22.STL
[1.192s] -- Symlinking: /home/kkb007x/closed_chain_gripper/install/gripper_description/share/gripper_description/meshes/R23.STL
[1.199s] -- Symlinking: /home/kkb007x/closed_chain_gripper/install/gripper_description/share/gripper_description/meshes/R31.STL
[1.213s] -- Symlinking: /home/kkb007x/closed_chain_gripper/install/gripper_description/share/gripper_description/meshes/R311.STL
[1.221s] -- Symlinking: /home/kkb007x/closed_chain_gripper/install/gripper_description/share/gripper_description/meshes/R312.STL
[1.230s] -- Symlinking: /home/kkb007x/closed_chain_gripper/install/gripper_description/share/gripper_description/meshes/base_link.STL
[1.239s] -- Symlinking: /home/kkb007x/closed_chain_gripper/install/gripper_description/share/gripper_description/config/joint_names_gripper_description.yaml
[1.247s] -- Symlinking: /home/kkb007x/closed_chain_gripper/install/gripper_description/share/ament_index/resource_index/package_run_dependencies/gripper_description
[1.255s] -- Symlinking: /home/kkb007x/closed_chain_gripper/install/gripper_description/share/ament_index/resource_index/parent_prefix_path/gripper_description
[1.262s] -- Symlinking: /home/kkb007x/closed_chain_gripper/install/gripper_description/share/gripper_description/environment/ament_prefix_path.sh
[1.271s] -- Symlinking: /home/kkb007x/closed_chain_gripper/install/gripper_description/share/gripper_description/environment/ament_prefix_path.dsv
[1.278s] -- Symlinking: /home/kkb007x/closed_chain_gripper/install/gripper_description/share/gripper_description/environment/path.sh
[1.287s] -- Symlinking: /home/kkb007x/closed_chain_gripper/install/gripper_description/share/gripper_description/environment/path.dsv
[1.295s] -- Symlinking: /home/kkb007x/closed_chain_gripper/install/gripper_description/share/gripper_description/local_setup.bash
[1.305s] -- Symlinking: /home/kkb007x/closed_chain_gripper/install/gripper_description/share/gripper_description/local_setup.sh
[1.317s] -- Symlinking: /home/kkb007x/closed_chain_gripper/install/gripper_description/share/gripper_description/local_setup.zsh
[1.326s] -- Symlinking: /home/kkb007x/closed_chain_gripper/install/gripper_description/share/gripper_description/local_setup.dsv
[1.334s] -- Symlinking: /home/kkb007x/closed_chain_gripper/install/gripper_description/share/gripper_description/package.dsv
[1.341s] -- Symlinking: /home/kkb007x/closed_chain_gripper/install/gripper_description/share/ament_index/resource_index/packages/gripper_description
[1.350s] -- Symlinking: /home/kkb007x/closed_chain_gripper/install/gripper_description/share/gripper_description/cmake/gripper_descriptionConfig.cmake
[1.358s] -- Symlinking: /home/kkb007x/closed_chain_gripper/install/gripper_description/share/gripper_description/cmake/gripper_descriptionConfig-version.cmake
[1.365s] -- Symlinking: /home/kkb007x/closed_chain_gripper/install/gripper_description/share/gripper_description/package.xml
[1.376s] Invoked command in '/home/kkb007x/closed_chain_gripper/build/gripper_description' returned '0': CMAKE_PREFIX_PATH=${CMAKE_PREFIX_PATH}:/opt/ros/jazzy DEBUGINFOD_URLS=https://debuginfod.ubuntu.com /usr/bin/cmake --install /home/kkb007x/closed_chain_gripper/build/gripper_description
