[0.012s] Invoking command in '/home/kkb007x/closed_chain_gripper/build/gripper_plugins': CMAKE_PREFIX_PATH=${CMAKE_PREFIX_PATH}:/opt/ros/jazzy DEBUGINFOD_URLS=https://debuginfod.ubuntu.com /usr/bin/cmake /home/kkb007x/closed_chain_gripper/src/gripper_plugins -DCMAKE_INSTALL_PREFIX=/home/kkb007x/closed_chain_gripper/install/gripper_plugins
[0.024s] -- Found ament_cmake: 2.5.6 (/opt/ros/jazzy/share/ament_cmake/cmake)
[0.165s] -- Override CMake install command with custom implementation using symlinks instead of copying resources
[0.170s] -- Looking for gz-sim8 -- found version 8.11.0
[0.174s] -- Searching for dependencies of gz-sim8
[0.174s] -- Looking for sdformat14 -- found version 14.9.0
[0.174s] -- Searching for dependencies of sdformat14
[0.177s] -- Checking for module 'tinyxml2'
[0.191s] --   Found tinyxml2, version 10.0.0
[0.230s] -- Looking for gz-math7 -- found version 7.5.2
[0.230s] -- Searching for dependencies of gz-math7
[0.230s] -- Looking for gz-utils2 -- found version 2.2.1
[0.230s] -- Searching for dependencies of gz-utils2
[0.231s] -- Looking for gz-utils2 -- found version 2.2.1
[0.231s] -- Searching for dependencies of gz-utils2
[0.231s] -- Searching for <gz-utils2> component [cli]
[0.231s] -- Looking for gz-utils2-cli -- found version 2.2.1
[0.231s] -- Searching for dependencies of gz-utils2-cli
[0.232s] -- Looking for gz-plugin2 -- found version 2.0.4
[0.232s] -- Searching for dependencies of gz-plugin2
[0.233s] -- Looking for gz-utils2 -- found version 2.2.1
[0.233s] -- Searching for <gz-plugin2> component [loader]
[0.233s] -- Looking for gz-plugin2-loader -- found version 2.0.4
[0.233s] -- Searching for dependencies of gz-plugin2-loader
[0.234s] -- Searching for <gz-plugin2> component [register]
[0.234s] -- Looking for gz-plugin2-register -- found version 2.0.4
[0.234s] -- Searching for dependencies of gz-plugin2-register
[0.235s] -- Looking for gz-transport13 -- found version 13.5.0
[0.235s] -- Searching for dependencies of gz-transport13
[0.261s] -- Config-file not installed for ZeroMQ -- checking for pkg-config
[0.265s] -- Checking for module 'libzmq >= 4'
[0.277s] --   Found libzmq, version 4.3.5
[0.323s] -- Checking for module 'uuid'
[0.340s] --   Found uuid, version 2.39.3
[0.377s] -- Looking for gz-utils2 -- found version 2.2.1
[0.377s] -- Looking for gz-msgs10 -- found version 10.3.2
[0.377s] -- Searching for dependencies of gz-msgs10
[0.393s] -- Looking for gz-utils2 -- found version 2.2.1
[0.393s] -- Looking for gz-math7 -- found version 7.5.2
[0.400s] -- Searching for <gz-transport13> component [log]
[0.401s] -- Looking for gz-transport13-log -- found version 13.5.0
[0.401s] -- Searching for dependencies of gz-transport13-log
[0.402s] -- Searching for <gz-transport13> component [parameters]
[0.402s] -- Looking for gz-transport13-parameters -- found version 13.5.0
[0.402s] -- Searching for dependencies of gz-transport13-parameters
[0.403s] -- Looking for gz-msgs10 -- found version 10.3.2
[0.403s] -- Looking for gz-common5 -- found version 5.8.0
[0.403s] -- Searching for dependencies of gz-common5
[0.404s] -- Looking for gz-utils2 -- found version 2.2.1
[0.404s] -- Looking for dlfcn.h - found
[0.404s] -- Looking for libdl - found
[0.410s] -- Searching for <gz-common5> component [av]
[0.411s] -- Looking for gz-common5-av -- found version 5.8.0
[0.411s] -- Searching for dependencies of gz-common5-av
[0.416s] -- Checking for module 'libswscale'
[0.430s] --   Found libswscale, version 7.5.100
[0.469s] -- Checking for module 'libavdevice >= 56.4.100'
[0.484s] --   Found libavdevice, version 60.3.100
[0.537s] -- Checking for module 'libavformat'
[0.552s] --   Found libavformat, version 60.16.100
[0.591s] -- Checking for module 'libavcodec'
[0.610s] --   Found libavcodec, version 60.31.102
[0.653s] -- Checking for module 'libavutil'
[0.667s] --   Found libavutil, version 58.29.100
[0.704s] -- Searching for <gz-common5> component [events]
[0.704s] -- Looking for gz-common5-events -- found version 5.8.0
[0.704s] -- Searching for dependencies of gz-common5-events
[0.705s] -- Looking for gz-math7 -- found version 7.5.2
[0.705s] -- Searching for <gz-common5> component [graphics]
[0.705s] -- Looking for gz-common5-graphics -- found version 5.8.0
[0.705s] -- Searching for dependencies of gz-common5-graphics
[0.706s] -- Looking for gz-math7 -- found version 7.5.2
[0.707s] -- Searching for <gz-common5> component [io]
[0.707s] -- Looking for gz-common5-io -- found version 5.8.0
[0.707s] -- Searching for dependencies of gz-common5-io
[0.708s] -- Searching for <gz-common5> component [profiler]
[0.708s] -- Looking for gz-common5-profiler -- found version 5.8.0
[0.708s] -- Searching for dependencies of gz-common5-profiler
[0.709s] -- Looking for gz-fuel_tools9 -- found version 9.1.1
[0.709s] -- Searching for dependencies of gz-fuel_tools9
[0.749s] -- Checking for module 'jsoncpp'
[0.762s] --   Found jsoncpp, version 1.9.5
[0.820s] -- Checking for module 'yaml-0.1'
[0.835s] --   Found yaml-0.1, version 0.2.5
[0.876s] -- Checking for module 'libzip'
[0.893s] --   Found libzip, version 1.7.3
[0.932s] -- Looking for gz-utils2 -- found version 2.2.1
[0.932s] -- Looking for gz-common5 -- found version 5.8.0
[0.933s] -- Searching for dependencies of gz-common5
[0.933s] -- Looking for gz-utils2 -- found version 2.2.1
[0.933s] -- Looking for dlfcn.h - found
[0.933s] -- Looking for libdl - found
[0.940s] -- Searching for <gz-common5> component [testing]
[0.940s] -- Looking for gz-common5-testing -- found version 5.8.0
[0.940s] -- Searching for dependencies of gz-common5-testing
[0.940s] -- Looking for gz-math7 -- found version 7.5.2
[0.941s] -- Looking for gz-msgs10 -- found version 10.3.2
[0.941s] -- Looking for gz-gui8 -- found version 8.4.0
[0.941s] -- Searching for dependencies of gz-gui8
[0.962s] -- Looking for gz-utils2 -- found version 2.2.1
[0.962s] -- Looking for gz-math7 -- found version 7.5.2
[0.962s] -- Looking for gz-common5 -- found version 5.8.0
[0.963s] -- Looking for gz-plugin2 -- found version 2.0.4
[0.963s] -- Looking for gz-transport13 -- found version 13.5.0
[0.963s] -- Looking for gz-rendering8 -- found version 8.2.3
[0.963s] -- Searching for dependencies of gz-rendering8
[0.963s] -- Looking for gz-math7 -- found version 7.5.2
[0.964s] -- Searching for dependencies of gz-math7
[0.964s] -- Looking for gz-utils2 -- found version 2.2.1
[0.964s] -- Searching for <gz-math7> component [eigen3]
[0.964s] -- Looking for gz-math7-eigen3 -- found version 7.5.2
[0.964s] -- Searching for dependencies of gz-math7-eigen3
[0.965s] -- Looking for gz-common5 -- found version 5.8.0
[0.965s] -- Searching for dependencies of gz-common5
[0.966s] -- Looking for gz-utils2 -- found version 2.2.1
[0.966s] -- Looking for dlfcn.h - found
[0.966s] -- Looking for libdl - found
[0.972s] -- Searching for <gz-common5> component [graphics]
[0.972s] -- Searching for <gz-common5> component [events]
[0.972s] -- Searching for <gz-common5> component [geospatial]
[0.972s] -- Looking for gz-common5-geospatial -- found version 5.8.0
[0.972s] -- Searching for dependencies of gz-common5-geospatial
[0.972s] -- Looking for gz-math7 -- found version 7.5.2
[0.973s] -- Looking for gz-common5 -- found version 5.8.0
[0.973s] -- Looking for gz-plugin2 -- found version 2.0.4
[0.973s] -- Searching for dependencies of gz-plugin2
[0.974s] -- Looking for gz-utils2 -- found version 2.2.1
[0.974s] -- Searching for <gz-plugin2> component [all]
[0.974s] -- Looking for all libraries of gz-plugin2 -- found version 2.0.4
[0.974s] -- Looking for gz-plugin2 -- found version 2.0.4
[0.975s] -- Looking for gz-utils2 -- found version 2.2.1
[0.976s] -- Looking for gz-msgs10 -- found version 10.3.2
[0.986s] -- Looking for gz-physics7 -- found version 7.6.0
[0.986s] -- Searching for dependencies of gz-physics7
[0.987s] -- Looking for gz-common5 -- found version 5.8.0
[0.987s] -- Looking for gz-math7 -- found version 7.5.2
[0.987s] -- Looking for gz-plugin2 -- found version 2.0.4
[0.987s] -- Looking for gz-utils2 -- found version 2.2.1
[0.988s] -- Searching for <gz-physics7> component [heightmap]
[0.988s] -- Looking for gz-physics7-heightmap -- found version 7.6.0
[0.988s] -- Searching for dependencies of gz-physics7-heightmap
[0.988s] -- Looking for gz-common5 -- found version 5.8.0
[0.988s] -- Searching for <gz-physics7> component [mesh]
[0.989s] -- Looking for gz-physics7-mesh -- found version 7.6.0
[0.989s] -- Searching for dependencies of gz-physics7-mesh
[0.989s] -- Looking for gz-common5 -- found version 5.8.0
[0.989s] -- Searching for <gz-physics7> component [sdf]
[0.989s] -- Looking for gz-physics7-sdf -- found version 7.6.0
[0.989s] -- Searching for dependencies of gz-physics7-sdf
[0.990s] -- Looking for sdformat14 -- found version 14.9.0
[0.990s] -- Looking for gz-sensors8 -- found version 8.2.2
[0.990s] -- Searching for dependencies of gz-sensors8
[1.009s] -- Looking for gz-math7 -- found version 7.5.2
[1.010s] -- Looking for gz-common5 -- found version 5.8.0
[1.010s] -- Looking for gz-transport13 -- found version 13.5.0
[1.010s] -- Looking for gz-rendering8 -- found version 8.2.3
[1.010s] -- Looking for gz-msgs10 -- found version 10.3.2
[1.010s] -- Looking for sdformat14 -- found version 14.9.0
[1.011s] -- Searching for <gz-sensors8> component [air_pressure]
[1.011s] -- Looking for gz-sensors8-air_pressure -- found version 8.2.2
[1.011s] -- Searching for dependencies of gz-sensors8-air_pressure
[1.011s] -- Searching for <gz-sensors8> component [air_speed]
[1.012s] -- Looking for gz-sensors8-air_speed -- found version 8.2.2
[1.012s] -- Searching for dependencies of gz-sensors8-air_speed
[1.012s] -- Searching for <gz-sensors8> component [altimeter]
[1.012s] -- Looking for gz-sensors8-altimeter -- found version 8.2.2
[1.012s] -- Searching for dependencies of gz-sensors8-altimeter
[1.013s] -- Searching for <gz-sensors8> component [imu]
[1.013s] -- Looking for gz-sensors8-imu -- found version 8.2.2
[1.013s] -- Searching for dependencies of gz-sensors8-imu
[1.013s] -- Searching for <gz-sensors8> component [force_torque]
[1.013s] -- Looking for gz-sensors8-force_torque -- found version 8.2.2
[1.013s] -- Searching for dependencies of gz-sensors8-force_torque
[1.014s] -- Searching for <gz-sensors8> component [logical_camera]
[1.014s] -- Looking for gz-sensors8-logical_camera -- found version 8.2.2
[1.014s] -- Searching for dependencies of gz-sensors8-logical_camera
[1.014s] -- Searching for <gz-sensors8> component [magnetometer]
[1.014s] -- Looking for gz-sensors8-magnetometer -- found version 8.2.2
[1.014s] -- Searching for dependencies of gz-sensors8-magnetometer
[1.015s] -- Searching for <gz-sensors8> component [navsat]
[1.015s] -- Looking for gz-sensors8-navsat -- found version 8.2.2
[1.015s] -- Searching for dependencies of gz-sensors8-navsat
[1.015s] -- Searching for <gz-sensors8> component [dvl]
[1.016s] -- Looking for gz-sensors8-dvl -- found version 8.2.2
[1.016s] -- Searching for dependencies of gz-sensors8-dvl
[1.016s] -- Looking for gz-sensors8 -- found version 8.2.2
[1.016s] -- Searching for dependencies of gz-sensors8
[1.033s] -- Looking for gz-math7 -- found version 7.5.2
[1.033s] -- Looking for gz-common5 -- found version 5.8.0
[1.033s] -- Looking for gz-transport13 -- found version 13.5.0
[1.034s] -- Looking for gz-rendering8 -- found version 8.2.3
[1.034s] -- Looking for gz-msgs10 -- found version 10.3.2
[1.034s] -- Looking for sdformat14 -- found version 14.9.0
[1.034s] -- Searching for <gz-sensors8> component [rendering]
[1.034s] -- Looking for gz-sensors8-rendering -- found version 8.2.2
[1.034s] -- Searching for dependencies of gz-sensors8-rendering
[1.035s] -- Searching for <gz-sensors8> component [rendering]
[1.035s] -- Searching for <gz-sensors8> component [lidar]
[1.035s] -- Looking for gz-sensors8-lidar -- found version 8.2.2
[1.035s] -- Searching for dependencies of gz-sensors8-lidar
[1.036s] -- Looking for gz-sensors8 -- found version 8.2.2
[1.036s] -- Searching for <gz-sensors8> component [gpu_lidar]
[1.036s] -- Looking for gz-sensors8-gpu_lidar -- found version 8.2.2
[1.036s] -- Searching for dependencies of gz-sensors8-gpu_lidar
[1.036s] -- Looking for gz-sensors8 -- found version 8.2.2
[1.037s] -- Searching for <gz-sensors8> component [camera]
[1.037s] -- Looking for gz-sensors8-camera -- found version 8.2.2
[1.037s] -- Searching for dependencies of gz-sensors8-camera
[1.037s] -- Looking for gz-sensors8 -- found version 8.2.2
[1.037s] -- Searching for <gz-sensors8> component [boundingbox_camera]
[1.038s] -- Looking for gz-sensors8-boundingbox_camera -- found version 8.2.2
[1.038s] -- Searching for dependencies of gz-sensors8-boundingbox_camera
[1.038s] -- Searching for <gz-sensors8> component [segmentation_camera]
[1.038s] -- Looking for gz-sensors8-segmentation_camera -- found version 8.2.2
[1.038s] -- Searching for dependencies of gz-sensors8-segmentation_camera
[1.039s] -- Searching for <gz-sensors8> component [depth_camera]
[1.039s] -- Looking for gz-sensors8-depth_camera -- found version 8.2.2
[1.039s] -- Searching for dependencies of gz-sensors8-depth_camera
[1.039s] -- Looking for gz-sensors8 -- found version 8.2.2
[1.039s] -- Searching for <gz-sensors8> component [rgbd_camera]
[1.040s] -- Looking for gz-sensors8-rgbd_camera -- found version 8.2.2
[1.040s] -- Searching for dependencies of gz-sensors8-rgbd_camera
[1.040s] -- Looking for gz-sensors8 -- found version 8.2.2
[1.040s] -- Searching for <gz-sensors8> component [thermal_camera]
[1.040s] -- Looking for gz-sensors8-thermal_camera -- found version 8.2.2
[1.041s] -- Searching for dependencies of gz-sensors8-thermal_camera
[1.041s] -- Looking for gz-sensors8 -- found version 8.2.2
[1.041s] -- Searching for <gz-sensors8> component [wide_angle_camera]
[1.041s] -- Looking for gz-sensors8-wide_angle_camera -- found version 8.2.2
[1.041s] -- Searching for dependencies of gz-sensors8-wide_angle_camera
[1.042s] -- Looking for gz-rendering8 -- found version 8.2.3
[1.042s] -- Looking for gz-math7 -- found version 7.5.2
[1.042s] -- Looking for gz-utils2 -- found version 2.2.1
[1.121s] -- Configuring done (1.1s)
[1.131s] -- Generating done (0.0s)
[1.133s] -- Build files have been written to: /home/kkb007x/closed_chain_gripper/build/gripper_plugins
[1.144s] Invoked command in '/home/kkb007x/closed_chain_gripper/build/gripper_plugins' returned '0': CMAKE_PREFIX_PATH=${CMAKE_PREFIX_PATH}:/opt/ros/jazzy DEBUGINFOD_URLS=https://debuginfod.ubuntu.com /usr/bin/cmake /home/kkb007x/closed_chain_gripper/src/gripper_plugins -DCMAKE_INSTALL_PREFIX=/home/kkb007x/closed_chain_gripper/install/gripper_plugins
[1.145s] Invoking command in '/home/kkb007x/closed_chain_gripper/build/gripper_plugins': CMAKE_PREFIX_PATH=${CMAKE_PREFIX_PATH}:/opt/ros/jazzy DEBUGINFOD_URLS=https://debuginfod.ubuntu.com /usr/bin/cmake --build /home/kkb007x/closed_chain_gripper/build/gripper_plugins -- -j16 -l16
[1.207s] [100%] Built target gripper_plugin
[1.218s] Invoked command in '/home/kkb007x/closed_chain_gripper/build/gripper_plugins' returned '0': CMAKE_PREFIX_PATH=${CMAKE_PREFIX_PATH}:/opt/ros/jazzy DEBUGINFOD_URLS=https://debuginfod.ubuntu.com /usr/bin/cmake --build /home/kkb007x/closed_chain_gripper/build/gripper_plugins -- -j16 -l16
[1.220s] Invoking command in '/home/kkb007x/closed_chain_gripper/build/gripper_plugins': CMAKE_PREFIX_PATH=${CMAKE_PREFIX_PATH}:/opt/ros/jazzy DEBUGINFOD_URLS=https://debuginfod.ubuntu.com /usr/bin/cmake --install /home/kkb007x/closed_chain_gripper/build/gripper_plugins
[1.227s] -- Install configuration: ""
[1.227s] -- Execute custom install script
[1.228s] -- Up-to-date symlink: /home/kkb007x/closed_chain_gripper/install/gripper_plugins/lib/libgripper_plugin.so
[1.228s] -- Up-to-date symlink: /home/kkb007x/closed_chain_gripper/install/gripper_plugins/share/ament_index/resource_index/package_run_dependencies/gripper_plugins
[1.228s] -- Up-to-date symlink: /home/kkb007x/closed_chain_gripper/install/gripper_plugins/share/ament_index/resource_index/parent_prefix_path/gripper_plugins
[1.228s] -- Up-to-date symlink: /home/kkb007x/closed_chain_gripper/install/gripper_plugins/share/gripper_plugins/environment/ament_prefix_path.sh
[1.228s] -- Up-to-date symlink: /home/kkb007x/closed_chain_gripper/install/gripper_plugins/share/gripper_plugins/environment/ament_prefix_path.dsv
[1.228s] -- Up-to-date symlink: /home/kkb007x/closed_chain_gripper/install/gripper_plugins/share/gripper_plugins/environment/path.sh
[1.228s] -- Up-to-date symlink: /home/kkb007x/closed_chain_gripper/install/gripper_plugins/share/gripper_plugins/environment/path.dsv
[1.228s] -- Up-to-date symlink: /home/kkb007x/closed_chain_gripper/install/gripper_plugins/share/gripper_plugins/local_setup.bash
[1.228s] -- Up-to-date symlink: /home/kkb007x/closed_chain_gripper/install/gripper_plugins/share/gripper_plugins/local_setup.sh
[1.228s] -- Up-to-date symlink: /home/kkb007x/closed_chain_gripper/install/gripper_plugins/share/gripper_plugins/local_setup.zsh
[1.228s] -- Up-to-date symlink: /home/kkb007x/closed_chain_gripper/install/gripper_plugins/share/gripper_plugins/local_setup.dsv
[1.229s] -- Symlinking: /home/kkb007x/closed_chain_gripper/install/gripper_plugins/share/gripper_plugins/package.dsv
[1.238s] -- Up-to-date symlink: /home/kkb007x/closed_chain_gripper/install/gripper_plugins/share/ament_index/resource_index/packages/gripper_plugins
[1.238s] -- Up-to-date symlink: /home/kkb007x/closed_chain_gripper/install/gripper_plugins/share/gripper_plugins/cmake/gripper_pluginsConfig.cmake
[1.238s] -- Up-to-date symlink: /home/kkb007x/closed_chain_gripper/install/gripper_plugins/share/gripper_plugins/cmake/gripper_pluginsConfig-version.cmake
[1.238s] -- Up-to-date symlink: /home/kkb007x/closed_chain_gripper/install/gripper_plugins/share/gripper_plugins/package.xml
[1.239s] Invoked command in '/home/kkb007x/closed_chain_gripper/build/gripper_plugins' returned '0': CMAKE_PREFIX_PATH=${CMAKE_PREFIX_PATH}:/opt/ros/jazzy DEBUGINFOD_URLS=https://debuginfod.ubuntu.com /usr/bin/cmake --install /home/kkb007x/closed_chain_gripper/build/gripper_plugins
