[0.020s] Invoking command in '/home/kkb007x/closed_chain_gripper/build/gripper_plugins': CMAKE_PREFIX_PATH=${CMAKE_PREFIX_PATH}:/opt/ros/jazzy DEBUGINFOD_URLS=https://debuginfod.ubuntu.com /usr/bin/cmake /home/kkb007x/closed_chain_gripper/src/gripper_plugins -DCMAKE_INSTALL_PREFIX=/home/kkb007x/closed_chain_gripper/install/gripper_plugins
[0.067s] -- Found ament_cmake: 2.5.6 (/opt/ros/jazzy/share/ament_cmake/cmake)
[0.376s] -- Override CMake install command with custom implementation using symlinks instead of copying resources
[0.396s] -- Looking for gz-sim8 -- found version 8.11.0
[0.409s] -- Searching for dependencies of gz-sim8
[0.411s] -- Looking for sdformat14 -- found version 14.9.0
[0.411s] -- Searching for dependencies of sdformat14
[0.420s] -- Checking for module 'tinyxml2'
[0.438s] --   Found tinyxml2, version 10.0.0
[0.479s] -- Looking for gz-math7 -- found version 7.5.2
[0.479s] -- Searching for dependencies of gz-math7
[0.481s] -- Looking for gz-utils2 -- found version 2.2.1
[0.481s] -- Searching for dependencies of gz-utils2
[0.482s] -- Looking for gz-utils2 -- found version 2.2.1
[0.482s] -- Searching for dependencies of gz-utils2
[0.482s] -- Searching for <gz-utils2> component [cli]
[0.484s] -- Looking for gz-utils2-cli -- found version 2.2.1
[0.484s] -- Searching for dependencies of gz-utils2-cli
[0.490s] -- Looking for gz-plugin2 -- found version 2.0.4
[0.490s] -- Searching for dependencies of gz-plugin2
[0.490s] -- Looking for gz-utils2 -- found version 2.2.1
[0.491s] -- Searching for <gz-plugin2> component [loader]
[0.495s] -- Looking for gz-plugin2-loader -- found version 2.0.4
[0.495s] -- Searching for dependencies of gz-plugin2-loader
[0.496s] -- Searching for <gz-plugin2> component [register]
[0.498s] -- Looking for gz-plugin2-register -- found version 2.0.4
[0.498s] -- Searching for dependencies of gz-plugin2-register
[0.501s] -- Looking for gz-transport13 -- found version 13.5.0
[0.501s] -- Searching for dependencies of gz-transport13
[0.696s] -- Found Protobuf: /usr/lib/x86_64-linux-gnu/libprotobuf.so (found version "3.21.12") 
[0.708s] -- Config-file not installed for ZeroMQ -- checking for pkg-config
[0.713s] -- Checking for module 'libzmq >= 4'
[0.730s] --   Found libzmq, version 4.3.5
[0.777s] -- Found ZeroMQ: TRUE (Required is at least version "4") 
[0.783s] -- Checking for module 'uuid'
[0.801s] --   Found uuid, version 2.39.3
[0.834s] -- Found UUID: TRUE  
[0.834s] -- Looking for gz-utils2 -- found version 2.2.1
[0.836s] -- Looking for gz-msgs10 -- found version 10.3.2
[0.836s] -- Searching for dependencies of gz-msgs10
[0.853s] -- Looking for gz-utils2 -- found version 2.2.1
[0.853s] -- Looking for gz-math7 -- found version 7.5.2
[0.861s] -- Searching for <gz-transport13> component [log]
[0.862s] -- Looking for gz-transport13-log -- found version 13.5.0
[0.862s] -- Searching for dependencies of gz-transport13-log
[0.863s] -- Searching for <gz-transport13> component [parameters]
[0.864s] -- Looking for gz-transport13-parameters -- found version 13.5.0
[0.864s] -- Searching for dependencies of gz-transport13-parameters
[0.866s] -- Looking for gz-msgs10 -- found version 10.3.2
[0.868s] -- Looking for gz-common5 -- found version 5.8.0
[0.868s] -- Searching for dependencies of gz-common5
[0.868s] -- Looking for gz-utils2 -- found version 2.2.1
[0.868s] -- Looking for dlfcn.h - found
[0.871s] -- Looking for libdl - found
[0.872s] -- Found DL: TRUE  
[0.877s] -- Searching for <gz-common5> component [av]
[0.879s] -- Looking for gz-common5-av -- found version 5.8.0
[0.879s] -- Searching for dependencies of gz-common5-av
[0.883s] -- Checking for module 'libswscale'
[0.904s] --   Found libswscale, version 7.5.100
[0.939s] -- Found SWSCALE: TRUE  
[0.945s] -- Checking for module 'libavdevice >= 56.4.100'
[0.960s] --   Found libavdevice, version 60.3.100
[1.015s] -- Found AVDEVICE: TRUE (Required is at least version "56.4.100") 
[1.019s] -- Checking for module 'libavformat'
[1.034s] --   Found libavformat, version 60.16.100
[1.076s] -- Found AVFORMAT: TRUE  
[1.081s] -- Checking for module 'libavcodec'
[1.101s] --   Found libavcodec, version 60.31.102
[1.144s] -- Found AVCODEC: TRUE  
[1.150s] -- Checking for module 'libavutil'
[1.167s] --   Found libavutil, version 58.29.100
[1.207s] -- Found AVUTIL: TRUE  
[1.208s] -- Searching for <gz-common5> component [events]
[1.211s] -- Looking for gz-common5-events -- found version 5.8.0
[1.211s] -- Searching for dependencies of gz-common5-events
[1.211s] -- Looking for gz-math7 -- found version 7.5.2
[1.212s] -- Searching for <gz-common5> component [graphics]
[1.213s] -- Looking for gz-common5-graphics -- found version 5.8.0
[1.213s] -- Searching for dependencies of gz-common5-graphics
[1.213s] -- Looking for gz-math7 -- found version 7.5.2
[1.218s] -- Found GzAssimp: TRUE (found version "5.3.0") 
[1.219s] -- Searching for <gz-common5> component [io]
[1.220s] -- Looking for gz-common5-io -- found version 5.8.0
[1.220s] -- Searching for dependencies of gz-common5-io
[1.221s] -- Searching for <gz-common5> component [profiler]
[1.222s] -- Looking for gz-common5-profiler -- found version 5.8.0
[1.222s] -- Searching for dependencies of gz-common5-profiler
[1.225s] -- Looking for gz-fuel_tools9 -- found version 9.1.1
[1.225s] -- Searching for dependencies of gz-fuel_tools9
[1.317s] -- Found CURL: /usr/lib/x86_64-linux-gnu/libcurl.so (found version "8.5.0")  
[1.328s] -- Checking for module 'jsoncpp'
[1.345s] --   Found jsoncpp, version 1.9.5
[1.386s] -- Found JSONCPP: TRUE  
[1.406s] -- Checking for module 'yaml-0.1'
[1.420s] --   Found yaml-0.1, version 0.2.5
[1.459s] -- Found YAML: TRUE  
[1.464s] -- Checking for module 'libzip'
[1.480s] --   Found libzip, version 1.7.3
[1.523s] -- Found ZIP: TRUE  
[1.523s] -- Looking for gz-utils2 -- found version 2.2.1
[1.523s] -- Looking for gz-common5 -- found version 5.8.0
[1.523s] -- Searching for dependencies of gz-common5
[1.523s] -- Looking for gz-utils2 -- found version 2.2.1
[1.523s] -- Looking for dlfcn.h - found
[1.523s] -- Looking for libdl - found
[1.530s] -- Searching for <gz-common5> component [testing]
[1.533s] -- Looking for gz-common5-testing -- found version 5.8.0
[1.533s] -- Searching for dependencies of gz-common5-testing
[1.534s] -- Looking for gz-math7 -- found version 7.5.2
[1.534s] -- Looking for gz-msgs10 -- found version 10.3.2
[1.536s] -- Looking for gz-gui8 -- found version 8.4.0
[1.536s] -- Searching for dependencies of gz-gui8
[1.558s] -- Looking for gz-utils2 -- found version 2.2.1
[1.559s] -- Looking for gz-math7 -- found version 7.5.2
[1.559s] -- Looking for gz-common5 -- found version 5.8.0
[1.559s] -- Looking for gz-plugin2 -- found version 2.0.4
[1.559s] -- Looking for gz-transport13 -- found version 13.5.0
[1.561s] -- Looking for gz-rendering8 -- found version 8.2.3
[1.561s] -- Searching for dependencies of gz-rendering8
[1.561s] -- Looking for gz-math7 -- found version 7.5.2
[1.561s] -- Searching for dependencies of gz-math7
[1.561s] -- Looking for gz-utils2 -- found version 2.2.1
[1.562s] -- Searching for <gz-math7> component [eigen3]
[1.563s] -- Looking for gz-math7-eigen3 -- found version 7.5.2
[1.563s] -- Searching for dependencies of gz-math7-eigen3
[1.572s] -- Looking for gz-common5 -- found version 5.8.0
[1.572s] -- Searching for dependencies of gz-common5
[1.573s] -- Looking for gz-utils2 -- found version 2.2.1
[1.573s] -- Looking for dlfcn.h - found
[1.573s] -- Looking for libdl - found
[1.579s] -- Searching for <gz-common5> component [graphics]
[1.579s] -- Searching for <gz-common5> component [events]
[1.579s] -- Searching for <gz-common5> component [geospatial]
[1.581s] -- Looking for gz-common5-geospatial -- found version 5.8.0
[1.581s] -- Searching for dependencies of gz-common5-geospatial
[1.581s] -- Looking for gz-math7 -- found version 7.5.2
[1.581s] -- Looking for gz-common5 -- found version 5.8.0
[1.582s] -- Looking for gz-plugin2 -- found version 2.0.4
[1.582s] -- Searching for dependencies of gz-plugin2
[1.583s] -- Looking for gz-utils2 -- found version 2.2.1
[1.583s] -- Searching for <gz-plugin2> component [all]
[1.584s] -- Looking for all libraries of gz-plugin2 -- found version 2.0.4
[1.585s] -- Looking for gz-plugin2 -- found version 2.0.4
[1.585s] -- Looking for gz-utils2 -- found version 2.2.1
[1.600s] -- Found OpenGL: /usr/lib/x86_64-linux-gnu/libOpenGL.so  found components: OpenGL 
[1.602s] -- Looking for gz-msgs10 -- found version 10.3.2
[1.629s] -- Looking for gz-physics7 -- found version 7.6.0
[1.629s] -- Searching for dependencies of gz-physics7
[1.629s] -- Looking for gz-common5 -- found version 5.8.0
[1.629s] -- Looking for gz-math7 -- found version 7.5.2
[1.629s] -- Looking for gz-plugin2 -- found version 2.0.4
[1.630s] -- Looking for gz-utils2 -- found version 2.2.1
[1.631s] -- Searching for <gz-physics7> component [heightmap]
[1.632s] -- Looking for gz-physics7-heightmap -- found version 7.6.0
[1.632s] -- Searching for dependencies of gz-physics7-heightmap
[1.632s] -- Looking for gz-common5 -- found version 5.8.0
[1.633s] -- Searching for <gz-physics7> component [mesh]
[1.634s] -- Looking for gz-physics7-mesh -- found version 7.6.0
[1.634s] -- Searching for dependencies of gz-physics7-mesh
[1.634s] -- Looking for gz-common5 -- found version 5.8.0
[1.634s] -- Searching for <gz-physics7> component [sdf]
[1.635s] -- Looking for gz-physics7-sdf -- found version 7.6.0
[1.635s] -- Searching for dependencies of gz-physics7-sdf
[1.635s] -- Looking for sdformat14 -- found version 14.9.0
[1.638s] -- Looking for gz-sensors8 -- found version 8.2.2
[1.638s] -- Searching for dependencies of gz-sensors8
[1.655s] -- Looking for gz-math7 -- found version 7.5.2
[1.656s] -- Looking for gz-common5 -- found version 5.8.0
[1.656s] -- Looking for gz-transport13 -- found version 13.5.0
[1.656s] -- Looking for gz-rendering8 -- found version 8.2.3
[1.656s] -- Looking for gz-msgs10 -- found version 10.3.2
[1.657s] -- Looking for sdformat14 -- found version 14.9.0
[1.657s] -- Searching for <gz-sensors8> component [air_pressure]
[1.658s] -- Looking for gz-sensors8-air_pressure -- found version 8.2.2
[1.658s] -- Searching for dependencies of gz-sensors8-air_pressure
[1.659s] -- Searching for <gz-sensors8> component [air_speed]
[1.660s] -- Looking for gz-sensors8-air_speed -- found version 8.2.2
[1.660s] -- Searching for dependencies of gz-sensors8-air_speed
[1.660s] -- Searching for <gz-sensors8> component [altimeter]
[1.661s] -- Looking for gz-sensors8-altimeter -- found version 8.2.2
[1.661s] -- Searching for dependencies of gz-sensors8-altimeter
[1.661s] -- Searching for <gz-sensors8> component [imu]
[1.662s] -- Looking for gz-sensors8-imu -- found version 8.2.2
[1.662s] -- Searching for dependencies of gz-sensors8-imu
[1.663s] -- Searching for <gz-sensors8> component [force_torque]
[1.664s] -- Looking for gz-sensors8-force_torque -- found version 8.2.2
[1.664s] -- Searching for dependencies of gz-sensors8-force_torque
[1.664s] -- Searching for <gz-sensors8> component [logical_camera]
[1.665s] -- Looking for gz-sensors8-logical_camera -- found version 8.2.2
[1.665s] -- Searching for dependencies of gz-sensors8-logical_camera
[1.666s] -- Searching for <gz-sensors8> component [magnetometer]
[1.667s] -- Looking for gz-sensors8-magnetometer -- found version 8.2.2
[1.667s] -- Searching for dependencies of gz-sensors8-magnetometer
[1.668s] -- Searching for <gz-sensors8> component [navsat]
[1.669s] -- Looking for gz-sensors8-navsat -- found version 8.2.2
[1.669s] -- Searching for dependencies of gz-sensors8-navsat
[1.669s] -- Searching for <gz-sensors8> component [dvl]
[1.670s] -- Looking for gz-sensors8-dvl -- found version 8.2.2
[1.670s] -- Searching for dependencies of gz-sensors8-dvl
[1.670s] -- Looking for gz-sensors8 -- found version 8.2.2
[1.670s] -- Searching for dependencies of gz-sensors8
[1.689s] -- Looking for gz-math7 -- found version 7.5.2
[1.689s] -- Looking for gz-common5 -- found version 5.8.0
[1.689s] -- Looking for gz-transport13 -- found version 13.5.0
[1.690s] -- Looking for gz-rendering8 -- found version 8.2.3
[1.690s] -- Looking for gz-msgs10 -- found version 10.3.2
[1.690s] -- Looking for sdformat14 -- found version 14.9.0
[1.690s] -- Searching for <gz-sensors8> component [rendering]
[1.692s] -- Looking for gz-sensors8-rendering -- found version 8.2.2
[1.692s] -- Searching for dependencies of gz-sensors8-rendering
[1.693s] -- Searching for <gz-sensors8> component [rendering]
[1.693s] -- Searching for <gz-sensors8> component [lidar]
[1.696s] -- Looking for gz-sensors8-lidar -- found version 8.2.2
[1.697s] -- Searching for dependencies of gz-sensors8-lidar
[1.697s] -- Looking for gz-sensors8 -- found version 8.2.2
[1.697s] -- Searching for <gz-sensors8> component [gpu_lidar]
[1.698s] -- Looking for gz-sensors8-gpu_lidar -- found version 8.2.2
[1.698s] -- Searching for dependencies of gz-sensors8-gpu_lidar
[1.699s] -- Looking for gz-sensors8 -- found version 8.2.2
[1.699s] -- Searching for <gz-sensors8> component [camera]
[1.700s] -- Looking for gz-sensors8-camera -- found version 8.2.2
[1.700s] -- Searching for dependencies of gz-sensors8-camera
[1.700s] -- Looking for gz-sensors8 -- found version 8.2.2
[1.701s] -- Searching for <gz-sensors8> component [boundingbox_camera]
[1.702s] -- Looking for gz-sensors8-boundingbox_camera -- found version 8.2.2
[1.702s] -- Searching for dependencies of gz-sensors8-boundingbox_camera
[1.702s] -- Searching for <gz-sensors8> component [segmentation_camera]
[1.703s] -- Looking for gz-sensors8-segmentation_camera -- found version 8.2.2
[1.703s] -- Searching for dependencies of gz-sensors8-segmentation_camera
[1.704s] -- Searching for <gz-sensors8> component [depth_camera]
[1.705s] -- Looking for gz-sensors8-depth_camera -- found version 8.2.2
[1.705s] -- Searching for dependencies of gz-sensors8-depth_camera
[1.705s] -- Looking for gz-sensors8 -- found version 8.2.2
[1.706s] -- Searching for <gz-sensors8> component [rgbd_camera]
[1.707s] -- Looking for gz-sensors8-rgbd_camera -- found version 8.2.2
[1.707s] -- Searching for dependencies of gz-sensors8-rgbd_camera
[1.707s] -- Looking for gz-sensors8 -- found version 8.2.2
[1.708s] -- Searching for <gz-sensors8> component [thermal_camera]
[1.709s] -- Looking for gz-sensors8-thermal_camera -- found version 8.2.2
[1.709s] -- Searching for dependencies of gz-sensors8-thermal_camera
[1.709s] -- Looking for gz-sensors8 -- found version 8.2.2
[1.710s] -- Searching for <gz-sensors8> component [wide_angle_camera]
[1.710s] -- Looking for gz-sensors8-wide_angle_camera -- found version 8.2.2
[1.710s] -- Searching for dependencies of gz-sensors8-wide_angle_camera
[1.711s] -- Looking for gz-rendering8 -- found version 8.2.3
[1.711s] -- Looking for gz-math7 -- found version 7.5.2
[1.712s] -- Looking for gz-utils2 -- found version 2.2.1
[1.793s] -- Configuring done (1.7s)
[1.813s] -- Generating done (0.0s)
[1.816s] -- Build files have been written to: /home/kkb007x/closed_chain_gripper/build/gripper_plugins
[1.829s] Invoked command in '/home/kkb007x/closed_chain_gripper/build/gripper_plugins' returned '0': CMAKE_PREFIX_PATH=${CMAKE_PREFIX_PATH}:/opt/ros/jazzy DEBUGINFOD_URLS=https://debuginfod.ubuntu.com /usr/bin/cmake /home/kkb007x/closed_chain_gripper/src/gripper_plugins -DCMAKE_INSTALL_PREFIX=/home/kkb007x/closed_chain_gripper/install/gripper_plugins
[1.830s] Invoking command in '/home/kkb007x/closed_chain_gripper/build/gripper_plugins': CMAKE_PREFIX_PATH=${CMAKE_PREFIX_PATH}:/opt/ros/jazzy DEBUGINFOD_URLS=https://debuginfod.ubuntu.com /usr/bin/cmake --build /home/kkb007x/closed_chain_gripper/build/gripper_plugins -- -j16 -l16
[1.901s] [ 50%] [32mBuilding CXX object CMakeFiles/gripper_plugin.dir/src/gripper_plugin.cpp.o[0m
[4.122s] [01m[K/home/kkb007x/closed_chain_gripper/src/gripper_plugins/src/gripper_plugin.cpp:[m[K In member function ‘[01m[Kvirtual void gripper_plugins::SpringPlugin::[01;32m[KConfigure[m[K(const gz::sim::v8::Entity&, const std::shared_ptr<const sdf::v14::Element>&, gz::sim::v8::EntityComponentManager&, gz::sim::v8::EventManager&)[m[K’:
[4.122s] [01m[K/home/kkb007x/closed_chain_gripper/src/gripper_plugins/src/gripper_plugin.cpp:23:42:[m[K [01;35m[Kwarning: [m[Kunused parameter ‘[01m[Kecm[m[K’ [[01;35m[K]8;;https://gcc.gnu.org/onlinedocs/gcc/Warning-Options.html#index-Wunused-parameter-Wunused-parameter]8;;[m[K]
[4.122s]    23 |         [01;35m[Kgz::sim::EntityComponentManager &ecm[m[K,
[4.122s]       |         [01;35m[K~~~~~~~~~~~~~~~~~~~~~~~~~~~~~~~~~^~~[m[K
[5.275s] [100%] [32m[1mLinking CXX shared library libgripper_plugin.so[0m
[5.495s] [100%] Built target gripper_plugin
[5.507s] Invoked command in '/home/kkb007x/closed_chain_gripper/build/gripper_plugins' returned '0': CMAKE_PREFIX_PATH=${CMAKE_PREFIX_PATH}:/opt/ros/jazzy DEBUGINFOD_URLS=https://debuginfod.ubuntu.com /usr/bin/cmake --build /home/kkb007x/closed_chain_gripper/build/gripper_plugins -- -j16 -l16
[5.508s] Invoking command in '/home/kkb007x/closed_chain_gripper/build/gripper_plugins': CMAKE_PREFIX_PATH=${CMAKE_PREFIX_PATH}:/opt/ros/jazzy DEBUGINFOD_URLS=https://debuginfod.ubuntu.com /usr/bin/cmake --install /home/kkb007x/closed_chain_gripper/build/gripper_plugins
[5.517s] -- Install configuration: ""
[5.517s] -- Execute custom install script
[5.517s] -- Symlinking: /home/kkb007x/closed_chain_gripper/install/gripper_plugins/lib/libgripper_plugin.so
[5.527s] -- Up-to-date symlink: /home/kkb007x/closed_chain_gripper/install/gripper_plugins/share/ament_index/resource_index/package_run_dependencies/gripper_plugins
[5.528s] -- Up-to-date symlink: /home/kkb007x/closed_chain_gripper/install/gripper_plugins/share/ament_index/resource_index/parent_prefix_path/gripper_plugins
[5.528s] -- Up-to-date symlink: /home/kkb007x/closed_chain_gripper/install/gripper_plugins/share/gripper_plugins/environment/ament_prefix_path.sh
[5.528s] -- Up-to-date symlink: /home/kkb007x/closed_chain_gripper/install/gripper_plugins/share/gripper_plugins/environment/ament_prefix_path.dsv
[5.528s] -- Up-to-date symlink: /home/kkb007x/closed_chain_gripper/install/gripper_plugins/share/gripper_plugins/environment/path.sh
[5.528s] -- Up-to-date symlink: /home/kkb007x/closed_chain_gripper/install/gripper_plugins/share/gripper_plugins/environment/path.dsv
[5.529s] -- Up-to-date symlink: /home/kkb007x/closed_chain_gripper/install/gripper_plugins/share/gripper_plugins/local_setup.bash
[5.529s] -- Up-to-date symlink: /home/kkb007x/closed_chain_gripper/install/gripper_plugins/share/gripper_plugins/local_setup.sh
[5.529s] -- Up-to-date symlink: /home/kkb007x/closed_chain_gripper/install/gripper_plugins/share/gripper_plugins/local_setup.zsh
[5.529s] -- Up-to-date symlink: /home/kkb007x/closed_chain_gripper/install/gripper_plugins/share/gripper_plugins/local_setup.dsv
[5.529s] -- Symlinking: /home/kkb007x/closed_chain_gripper/install/gripper_plugins/share/gripper_plugins/package.dsv
[5.541s] -- Up-to-date symlink: /home/kkb007x/closed_chain_gripper/install/gripper_plugins/share/ament_index/resource_index/packages/gripper_plugins
[5.541s] -- Up-to-date symlink: /home/kkb007x/closed_chain_gripper/install/gripper_plugins/share/gripper_plugins/cmake/gripper_pluginsConfig.cmake
[5.541s] -- Up-to-date symlink: /home/kkb007x/closed_chain_gripper/install/gripper_plugins/share/gripper_plugins/cmake/gripper_pluginsConfig-version.cmake
[5.541s] -- Up-to-date symlink: /home/kkb007x/closed_chain_gripper/install/gripper_plugins/share/gripper_plugins/package.xml
[5.544s] Invoked command in '/home/kkb007x/closed_chain_gripper/build/gripper_plugins' returned '0': CMAKE_PREFIX_PATH=${CMAKE_PREFIX_PATH}:/opt/ros/jazzy DEBUGINFOD_URLS=https://debuginfod.ubuntu.com /usr/bin/cmake --install /home/kkb007x/closed_chain_gripper/build/gripper_plugins
